Apr  2 17:26:21 debian kernel: [26855.188621] audit: type=1400 audit(1680467181.194:24): apparmor="DENIED" operation="capable" profile="/usr/sbin/cups-browsed" pid=10813 comm="cups-browsed" capability=23  capname="sys_nice"
Apr  2 19:36:11 debian kernel: [26864.867203] 20:26:30.878699 timesync vgsvcTimeSyncWorker: Radical guest time change: 179 329 220 805 000ns (GuestNow=1 680 467 190 878 683 
Apr  2 19:36:21 debian kernel: [26923.308491] 22:36:11.803163 timesync vgsvcTimeSyncWorker: Radical host time change: 7 766 034 000 000ns (HostNow=1 680 474 971 803 000 000 
Apr  2 19:40:16 debian kernel: [26933.310603] 22:36:21.805696 timesync vgsvcTimeSyncWorker: Radical guest time change: 7 732 491 392 000ns (GuestNow=1 680 474 981 805 680 00
Apr  2 19:40:16 debian kernel: [27167.783674] e1000: enp0s3 NIC Link is Down
Apr  2 19:40:23 debian kernel: [27174.843711] e1000: enp0s3 NIC Link is Up 1000 Mbps Full Duplex, Flow Control: RX
Apr  2 19:45:04 debian rsyslogd: [origin software="rsyslogd" swVersion="8.2102.0" x-pid="373" x-info="https://www.rsyslog.com"] rsyslogd was HUPed
Apr  2 19:58:57 debian kernel: [28288.476602] e1000: enp0s3 NIC Link is Down
Apr  2 20:45:49 debian kernel: [28295.061429] 23:45:44.094160 timesync vgsvcTimeSyncWorker: Radical host time change: 2 771 640 000 000ns (HostNow=1 680 479 144 094 000 000 
Apr  2 20:45:49 debian kernel: [28300.663222] e1000: enp0s3 NIC Link is Up 1000 Mbps Full Duplex, Flow Control: RX
Apr  2 20:52:58 debian kernel: [28305.069560] 23:45:54.100854 timesync vgsvcTimeSyncWorker: Radical guest time change: 2 809 875 039 000ns (GuestNow=1 680 479 154 100 830 00
Apr  2 20:52:58 debian kernel: [28729.277281] e1000: enp0s3 NIC Link is Down
Apr  2 20:53:02 debian kernel: [28733.314005] e1000: enp0s3 NIC Link is Up 1000 Mbps Full Duplex, Flow Control: RX
Apr  2 20:53:14 debian kernel: [28745.403121] e1000: enp0s3 NIC Link is Down
Apr  2 20:53:18 debian kernel: [28749.435554] e1000: enp0s3 NIC Link is Up 1000 Mbps Full Duplex, Flow Control: RX
Apr  2 21:00:20 debian kernel: [29170.886073] e1000: enp0s3 NIC Link is Down
Apr  2 21:00:24 debian kernel: [29174.916541] e1000: enp0s3 NIC Link is Up 1000 Mbps Full Duplex, Flow Control: RX
Apr  2 22:00:34 debian kernel: [29229.154782] 01:00:33.054233 timesync vgsvcTimeSyncWorker: Radical host time change: 2 283 598 000 000ns (HostNow=1 680 483 633 054 000 000 
Apr  2 22:00:34 debian kernel: [29230.726622] e1000: enp0s3 NIC Link is Down
Apr  2 22:00:39 debian kernel: [29235.112393] e1000: enp0s3 NIC Link is Up 1000 Mbps Full Duplex, Flow Control: RX
Apr  2 22:05:39 debian kernel: [29239.155447] 01:00:43.054844 timesync vgsvcTimeSyncWorker: Radical guest time change: 2 270 031 002 000ns (GuestNow=1 680 483 643 054 824 00
Apr  2 22:05:39 debian kernel: [29534.961351] e1000: enp0s3 NIC Link is Down
Apr  2 22:05:45 debian kernel: [29541.004313] e1000: enp0s3 NIC Link is Up 1000 Mbps Full Duplex, Flow Control: RX
Apr  2 22:12:06 debian kernel: [29922.638823] e1000: enp0s3 NIC Link is Down
Apr  3 02:09:51 debian kernel: [29929.952471] 05:09:48.270945 timesync vgsvcTimeSyncWorker: Radical host time change: 13 648 793 000 000ns (HostNow=1 680 498 588 270 000 000
Apr  3 02:09:51 debian kernel: [29932.712873] e1000: enp0s3 NIC Link is Up 1000 Mbps Full Duplex, Flow Control: RX
Apr  3 02:25:26 debian kernel: [29939.953684] 05:09:58.272340 timesync vgsvcTimeSyncWorker: Radical guest time change: 14 264 076 231 000ns (GuestNow=1 680 498 598 272 296 0
Apr  3 02:25:26 debian kernel: [30868.268511] e1000: enp0s3 NIC Link is Down
Apr  3 02:25:30 debian kernel: [30872.299456] e1000: enp0s3 NIC Link is Up 1000 Mbps Full Duplex, Flow Control: RX
Apr  3 02:27:44 debian kernel: [31006.442381] e1000: enp0s3 NIC Link is Down
Apr  3 02:27:48 debian kernel: [31010.472330] e1000: enp0s3 NIC Link is Up 1000 Mbps Full Duplex, Flow Control: RX
Apr  3 02:31:44 debian kernel: [31246.229293] 	(detected by 1, t=5889 jiffies, g=98629, q=7)
Apr  3 02:31:44 debian kernel: [31246.229354] Sending NMI from CPU 1 to CPUs 0:
Apr  3 02:31:44 debian kernel: [31246.241911] NMI backtrace for cpu 0
Apr  3 02:31:44 debian kernel: [31246.241912] CPU: 0 PID: 0 Comm: swapper/0 Tainted: G             L    5.10.0-20-amd64 #1 Debian 5.10.158-2
Apr  3 02:31:44 debian kernel: [31246.241913] Hardware name: innotek GmbH VirtualBox/VirtualBox, BIOS VirtualBox 12/01/2006
Apr  3 02:31:44 debian kernel: [31246.241914] RIP: 0010:e1000_clean+0x48d/0x600 [e1000]
Apr  3 02:31:44 debian kernel: [31246.241915] Code: e8 a8 de c5 f4 48 8b 44 24 18 83 40 98 01 48 8b 44 24 10 e9 4f fd ff ff 48 8b 93 d0 01 00 00 b8 9d 00 00 00 89 82 d0 00 00 00 <48> 8b 83 d0 01 00 00 8b 40 08 e9 eb fe ff ff 49 8b 8b d0 01 00 00
Apr  3 02:31:44 debian kernel: [31246.241915] RSP: 0018:ffffa72900003eb0 EFLAGS: 00000246
Apr  3 02:31:44 debian kernel: [31246.241917] RAX: 000000000000009d RBX: ffff96e83558abf0 RCX: 0000000000000067
Apr  3 02:31:44 debian kernel: [31246.241917] RDX: ffffa729002e0000 RSI: 0000000000000067 RDI: 0000000000000001
Apr  3 02:31:44 debian kernel: [31246.241918] RBP: 0000000000004e20 R08: ffff96e83558a940 R09: ffffa72900003dc8
Apr  3 02:31:44 debian kernel: [31246.241919] R10: ffff96e801efbe00 R11: ffff96e801efbed4 R12: ffff96e83558a940
Apr  3 02:31:44 debian kernel: [31246.241919] R13: 0000000000000001 R14: ffff96e83558abf0 R15: 0000000000000040
Apr  3 02:31:44 debian kernel: [31246.241920] FS:  0000000000000000(0000) GS:ffff96e87dc00000(0000) knlGS:0000000000000000
Apr  3 02:31:44 debian kernel: [31246.241920] CS:  0010 DS: 0000 ES: 0000 CR0: 0000000080050033
Apr  3 02:31:44 debian kernel: [31246.241921] CR2: 00007f05bf46f000 CR3: 000000000239c006 CR4: 00000000000706f0
Apr  3 02:31:44 debian kernel: [31246.241921] Call Trace:
Apr  3 02:31:44 debian kernel: [31246.241922]  <IRQ>
Apr  3 02:31:44 debian kernel: [31246.241922]  net_rx_action+0x145/0x3e0
Apr  3 02:31:44 debian kernel: [31246.241923]  __do_softirq+0xc5/0x279
Apr  3 02:31:44 debian kernel: [31246.241937]  asm_call_irq_on_stack+0x12/0x20
Apr  3 02:31:44 debian kernel: [31246.241938]  </IRQ>
Apr  3 02:31:44 debian kernel: [31246.241938]  do_softirq_own_stack+0x37/0x50
Apr  3 02:31:44 debian kernel: [31246.241939]  irq_exit_rcu+0x92/0xc0
Apr  3 02:31:44 debian kernel: [31246.241939]  common_interrupt+0x74/0x130
Apr  3 02:31:44 debian kernel: [31246.241940]  asm_common_interrupt+0x1e/0x40
Apr  3 02:31:44 debian kernel: [31246.241940] RIP: 0010:native_safe_halt+0xe/0x20
Apr  3 02:31:44 debian kernel: [31246.241942] Code: 00 f0 80 48 02 20 48 8b 00 a8 08 75 c0 e9 77 ff ff ff cc cc cc cc cc cc cc cc cc cc 0f 1f 44 00 00 0f 00 2d 06 c2 50 00 fb f4 <c3> cc cc cc cc 66 66 2e 0f 1f 84 00 00 00 00 00 66 90 0f 1f 44 00
Apr  3 02:31:44 debian kernel: [31246.241953] RSP: 0018:ffffffffb5c03eb8 EFLAGS: 00000256
Apr  3 02:31:44 debian kernel: [31246.241955] RAX: ffffffffb4efdbb0 RBX: 0000000000000000 RCX: ffff96e87dc34940
Apr  3 02:31:44 debian kernel: [31246.241955] RDX: 000000000037342e RSI: ffffffffb5c03e50 RDI: 00001c6be1e3cd7f
Apr  3 02:31:44 debian kernel: [31246.241956] RBP: ffffffffb5c13940 R08: 0000000000000001 R09: 00001c669bfc0c40
Apr  3 02:31:44 debian kernel: [31246.241957] R10: 0000000000000002 R11: 0000000000000002 R12: 0000000000000000
Apr  3 02:31:44 debian kernel: [31246.241957] R13: 0000000000000000 R14: 0000000000000000 R15: 0000000000000000
Apr  3 02:31:44 debian kernel: [31246.241958]  ? __sched_text_end+0x6/0x6
Apr  3 02:31:44 debian kernel: [31246.241958]  default_idle+0xa/0x20
Apr  3 02:31:44 debian kernel: [31246.241959]  default_idle_call+0x3c/0xd0
Apr  3 02:31:44 debian kernel: [31246.241959]  do_idle+0x20c/0x2b0
Apr  3 02:31:44 debian kernel: [31246.241960]  cpu_startup_entry+0x19/0x20
Apr  3 02:31:44 debian kernel: [31246.241960]  start_kernel+0x574/0x599
Apr  3 02:31:44 debian kernel: [31246.241961]  secondary_startup_64_no_verify+0xb0/0xbb
Apr  3 02:31:44 debian kernel: [31246.242390] task:rcu_sched       state:I stack:    0 pid:   12 ppid:     2 flags:0x00004000
Apr  3 02:31:44 debian kernel: [31246.242394] Call Trace:
Apr  3 02:31:44 debian kernel: [31246.242400]  __schedule+0x282/0x880
Apr  3 02:31:44 debian kernel: [31246.242494]  schedule+0x46/0xb0
Apr  3 02:31:44 debian kernel: [31246.242496]  schedule_timeout+0x8b/0x150
Apr  3 02:31:44 debian kernel: [31246.242573]  ? __next_timer_interrupt+0x110/0x110
Apr  3 02:31:44 debian kernel: [31246.242610]  rcu_gp_kthread+0x51b/0xbb0
Apr  3 02:31:44 debian kernel: [31246.242666]  ? rcu_cpu_kthread+0x190/0x190
Apr  3 02:31:44 debian kernel: [31246.242686]  kthread+0x11b/0x140
Apr  3 02:31:44 debian kernel: [31246.242723]  ? __kthread_bind_mask+0x60/0x60
Apr  3 02:31:44 debian kernel: [31246.242726]  ret_from_fork+0x22/0x30
Apr  3 08:39:43 debian kernel: [31540.688110] 11:39:41.111273 timesync vgsvcTimeSyncWorker: Radical host time change: 21 794 841 000 000ns (HostNow=1 680 521 981 068 000 000
Apr  3 08:39:43 debian kernel: [31542.631620] e1000: enp0s3 NIC Link is Down
Apr  3 08:39:47 debian kernel: [31546.664479] e1000: enp0s3 NIC Link is Up 1000 Mbps Full Duplex, Flow Control: RX
Apr  3 08:45:20 debian kernel: [31550.689170] 11:39:51.114479 timesync vgsvcTimeSyncWorker: Radical guest time change: 21 791 896 904 000ns (GuestNow=1 680 521 991 114 460 0
Apr  3 08:45:20 debian kernel: [31880.555607] e1000: enp0s3 NIC Link is Down
Apr  3 10:34:01 debian kernel: [31890.341417] 13:33:59.571509 timesync vgsvcTimeSyncWorker: Radical host time change: 6 569 215 000 000ns (HostNow=1 680 528 839 571 000 000 
Apr  3 10:34:01 debian kernel: [31892.688614] e1000: enp0s3 NIC Link is Up 1000 Mbps Full Duplex, Flow Control: RX
Apr  3 10:34:05 debian kernel: [31896.722980] e1000: enp0s3 NIC Link is Down
Apr  3 10:34:18 debian kernel: [31900.342104] 13:34:09.572272 timesync vgsvcTimeSyncWorker: Radical guest time change: 6 518 942 804 000ns (GuestNow=1 680 528 849 572 219 00
Apr  3 10:34:18 debian kernel: [31908.812939] e1000: enp0s3 NIC Link is Up 1000 Mbps Full Duplex, Flow Control: RX
Apr  3 10:47:15 debian kernel: [32686.234406] 	(detected by 1, t=9189 jiffies, g=102117, q=2)
Apr  3 10:47:15 debian kernel: [32686.234490] Sending NMI from CPU 1 to CPUs 0:
Apr  3 10:47:15 debian kernel: [32686.235332] NMI backtrace for cpu 0 skipped: idling at native_safe_halt+0xe/0x20
Apr  3 10:47:15 debian kernel: [32686.235682] task:rcu_sched       state:I stack:    0 pid:   12 ppid:     2 flags:0x00004000
Apr  3 10:47:15 debian kernel: [32686.235748] Call Trace:
Apr  3 10:47:15 debian kernel: [32686.235935]  __schedule+0x282/0x880
Apr  3 10:47:15 debian kernel: [32686.236036]  schedule+0x46/0xb0
Apr  3 10:47:15 debian kernel: [32686.236040]  schedule_timeout+0x8b/0x150
Apr  3 10:47:15 debian kernel: [32686.236270]  ? __next_timer_interrupt+0x110/0x110
Apr  3 10:47:15 debian kernel: [32686.236384]  rcu_gp_kthread+0x51b/0xbb0
Apr  3 10:47:15 debian kernel: [32686.236467]  ? rcu_cpu_kthread+0x190/0x190
Apr  3 10:47:15 debian kernel: [32686.236523]  kthread+0x11b/0x140
Apr  3 10:47:15 debian kernel: [32686.236603]  ? __kthread_bind_mask+0x60/0x60
Apr  3 10:47:15 debian kernel: [32686.236675]  ret_from_fork+0x22/0x30
Apr  3 10:51:25 debian kernel: [32935.594739] e1000: enp0s3 NIC Link is Down
Apr  3 11:56:53 debian kernel: [32943.578812] 14:56:53.019179 timesync vgsvcTimeSyncWorker: Radical host time change: 3 737 562 000 000ns (HostNow=1 680 533 813 019 000 000 
Apr  3 11:56:53 debian kernel: [32943.663585] e1000: enp0s3 NIC Link is Up 1000 Mbps Full Duplex, Flow Control: RX
Apr  3 12:01:42 debian kernel: [32953.579497] 14:57:03.019660 timesync vgsvcTimeSyncWorker: Radical guest time change: 3 929 688 874 000ns (GuestNow=1 680 533 823 019 642 00
Apr  3 12:01:42 debian kernel: [33232.839610] 	(detected by 1, t=6768 jiffies, g=103149, q=16)
Apr  3 12:01:42 debian kernel: [33232.839613] Sending NMI from CPU 1 to CPUs 0:
Apr  3 12:01:42 debian kernel: [33232.839793] NMI backtrace for cpu 0 skipped: idling at native_safe_halt+0xe/0x20
Apr  3 12:01:42 debian kernel: [33232.840639] task:rcu_sched       state:I stack:    0 pid:   12 ppid:     2 flags:0x00004000
Apr  3 12:01:42 debian kernel: [33232.840642] Call Trace:
Apr  3 12:01:42 debian kernel: [33232.840649]  __schedule+0x282/0x880
Apr  3 12:01:42 debian kernel: [33232.840652]  schedule+0x46/0xb0
Apr  3 12:01:42 debian kernel: [33232.840654]  schedule_timeout+0x8b/0x150
Apr  3 12:01:42 debian kernel: [33232.840657]  ? __next_timer_interrupt+0x110/0x110
Apr  3 12:01:42 debian kernel: [33232.840660]  rcu_gp_kthread+0x51b/0xbb0
Apr  3 12:01:42 debian kernel: [33232.840664]  ? rcu_cpu_kthread+0x190/0x190
Apr  3 12:01:42 debian kernel: [33232.840666]  kthread+0x11b/0x140
Apr  3 12:01:42 debian kernel: [33232.840668]  ? __kthread_bind_mask+0x60/0x60
Apr  3 12:01:42 debian kernel: [33232.840671]  ret_from_fork+0x22/0x30
Apr  3 12:06:23 debian kernel: [33514.214900] Modules linked in: btrfs blake2b_generic xor raid6_pq ufs qnx4 hfsplus hfs minix vfat msdos fat jfs xfs libcrc32c dm_mod vboxvideo drm_vram_helper drm_ttm_helper rfkill intel_rapl_msr intel_rapl_common intel_pmc_core ghash_clmulni_intel aesni_intel libaes crypto_simd cryptd glue_helper rapl snd_intel8x0 snd_ac97_codec ac97_bus snd_pcm snd_timer joydev snd serio_raw pcspkr sg soundcore vboxguest evdev ac parport_pc ppdev lp parport configfs fuse ip_tables x_tables autofs4 ext4 crc16 mbcache jbd2 crc32c_generic hid_generic usbhid hid sd_mod t10_pi crc_t10dif crct10dif_generic vmwgfx ttm crct10dif_pclmul crct10dif_common sr_mod cdrom drm_kms_helper ahci ohci_pci ata_generic cec crc32_pclmul crc32c_intel libahci psmouse ata_piix ohci_hcd ehci_pci ehci_hcd libata i2c_piix4 usbcore drm usb_common e1000 scsi_mod video battery button
Apr  3 12:06:23 debian kernel: [33514.216274] CPU: 1 PID: 0 Comm: swapper/1 Tainted: G             L    5.10.0-20-amd64 #1 Debian 5.10.158-2
Apr  3 12:06:23 debian kernel: [33514.216276] Hardware name: innotek GmbH VirtualBox/VirtualBox, BIOS VirtualBox 12/01/2006
Apr  3 12:06:23 debian kernel: [33514.216283] RIP: 0010:native_safe_halt+0xe/0x20
Apr  3 12:06:23 debian kernel: [33514.216287] Code: 00 f0 80 48 02 20 48 8b 00 a8 08 75 c0 e9 77 ff ff ff cc cc cc cc cc cc cc cc cc cc 0f 1f 44 00 00 0f 00 2d 06 c2 50 00 fb f4 <c3> cc cc cc cc 66 66 2e 0f 1f 84 00 00 00 00 00 66 90 0f 1f 44 00
Apr  3 12:06:23 debian kernel: [33514.216289] RSP: 0018:ffffa72900083ef0 EFLAGS: 00000246
Apr  3 12:06:23 debian kernel: [33514.216292] RAX: ffffffffb4efdbb0 RBX: 0000000000000001 RCX: ffff96e87dd34940
Apr  3 12:06:23 debian kernel: [33514.216293] RDX: 00000000009ef76a RSI: 0000000000000082 RDI: 0000000000000082
Apr  3 12:06:23 debian kernel: [33514.216295] RBP: ffff96e80122af80 R08: 0000000000000000 R09: 0000000000000001
Apr  3 12:06:23 debian kernel: [33514.216296] R10: 0000000000000019 R11: 0000000000000000 R12: 0000000000000000
Apr  3 12:06:23 debian kernel: [33514.216298] R13: 0000000000000000 R14: 0000000000000000 R15: 0000000000000000
Apr  3 12:06:23 debian kernel: [33514.216300] FS:  0000000000000000(0000) GS:ffff96e87dd00000(0000) knlGS:0000000000000000
Apr  3 12:06:23 debian kernel: [33514.216302] CS:  0010 DS: 0000 ES: 0000 CR0: 0000000080050033
Apr  3 12:06:23 debian kernel: [33514.216318] CR2: 00007fcb2daf2cb0 CR3: 000000000ac0e001 CR4: 00000000000706e0
Apr  3 12:06:23 debian kernel: [33514.216320] Call Trace:
Apr  3 12:06:23 debian kernel: [33514.216327]  default_idle+0xa/0x20
Apr  3 12:06:23 debian kernel: [33514.216329]  default_idle_call+0x3c/0xd0
Apr  3 12:06:23 debian kernel: [33514.216367]  do_idle+0x20c/0x2b0
Apr  3 12:06:23 debian kernel: [33514.216435]  cpu_startup_entry+0x19/0x20
Apr  3 12:06:23 debian kernel: [33514.216439]  secondary_startup_64_no_verify+0xb0/0xbb
Apr  3 12:07:36 debian kernel: [33586.632030] e1000: enp0s3 NIC Link is Down
Apr  3 12:07:42 debian kernel: [33592.669487] e1000: enp0s3 NIC Link is Up 1000 Mbps Full Duplex, Flow Control: RX
Apr  3 12:07:44 debian kernel: [33594.685840] e1000: enp0s3 NIC Link is Down
Apr  3 15:35:58 debian kernel: [33596.614001] 18:35:54.711473 timesync vgsvcTimeSyncWorker: Radical host time change: 12 500 097 000 000ns (HostNow=1 680 546 954 711 000 000
Apr  3 15:35:58 debian kernel: [33600.745999] e1000: enp0s3 NIC Link is Up 1000 Mbps Full Duplex, Flow Control: RX
Apr  3 15:55:41 debian kernel: [33606.614583] 18:36:04.712145 timesync vgsvcTimeSyncWorker: Radical guest time change: 12 498 522 473 000ns (GuestNow=1 680 546 964 712 108 0
Apr  3 15:55:41 debian kernel: [34783.299878] e1000: enp0s3 NIC Link is Down
Apr  3 15:55:51 debian kernel: [34793.376538] e1000: enp0s3 NIC Link is Up 1000 Mbps Full Duplex, Flow Control: RX
Apr  3 16:05:50 debian kernel: [35391.348950] e1000: enp0s3 NIC Link is Down
Apr  3 16:35:28 debian kernel: [35403.441645] e1000: enp0s3 NIC Link is Up 1000 Mbps Full Duplex, Flow Control: RX
Apr  3 16:46:12 debian kernel: [36047.491967] e1000: enp0s3 NIC Link is Down
Apr  3 17:52:33 debian kernel: [36050.709304] 20:52:24.757449 timesync vgsvcTimeSyncWorker: Radical host time change: 4 004 120 000 000ns (HostNow=1 680 555 144 757 000 000 
Apr  3 17:52:33 debian kernel: [36059.590038] e1000: enp0s3 NIC Link is Up 1000 Mbps Full Duplex, Flow Control: RX
Apr  3 17:52:54 debian kernel: [36060.709772] 20:52:34.758061 timesync vgsvcTimeSyncWorker: Radical guest time change: 3 978 961 877 000ns (GuestNow=1 680 555 154 758 046 00
Apr  3 17:52:54 debian kernel: [36080.255830] e1000: enp0s3 NIC Link is Down
Apr  3 17:52:59 debian kernel: [36085.381841] e1000: enp0s3 NIC Link is Up 1000 Mbps Full Duplex, Flow Control: RX
Apr  3 18:27:32 debian kernel: [38157.764039] 	(detected by 1, t=5478 jiffies, g=112905, q=1)
Apr  3 18:27:32 debian kernel: [38157.764056] Sending NMI from CPU 1 to CPUs 0:
Apr  3 18:27:32 debian kernel: [38157.764263] NMI backtrace for cpu 0 skipped: idling at native_safe_halt+0xe/0x20
Apr  3 18:27:32 debian kernel: [38157.765117] task:rcu_sched       state:I stack:    0 pid:   12 ppid:     2 flags:0x00004000
Apr  3 18:27:32 debian kernel: [38157.765122] Call Trace:
Apr  3 18:27:32 debian kernel: [38157.765132]  __schedule+0x282/0x880
Apr  3 18:27:32 debian kernel: [38157.765137]  schedule+0x46/0xb0
Apr  3 18:27:32 debian kernel: [38157.765140]  schedule_timeout+0x8b/0x150
Apr  3 18:27:32 debian kernel: [38157.765144]  ? __next_timer_interrupt+0x110/0x110
Apr  3 18:27:32 debian kernel: [38157.765149]  rcu_gp_kthread+0x51b/0xbb0
Apr  3 18:27:32 debian kernel: [38157.765153]  ? rcu_cpu_kthread+0x190/0x190
Apr  3 18:27:32 debian kernel: [38157.765156]  kthread+0x11b/0x140
Apr  3 18:27:32 debian kernel: [38157.765160]  ? __kthread_bind_mask+0x60/0x60
Apr  3 18:27:32 debian kernel: [38157.765164]  ret_from_fork+0x22/0x30
Apr  3 18:28:04 debian kernel: [38189.637227] 	(detected by 1, t=5455 jiffies, g=112921, q=14)
Apr  3 18:28:04 debian kernel: [38189.637230] Sending NMI from CPU 1 to CPUs 0:
Apr  3 18:28:04 debian kernel: [38189.637509] NMI backtrace for cpu 0 skipped: idling at native_safe_halt+0xe/0x20
Apr  3 18:28:04 debian kernel: [38189.638329] task:rcu_sched       state:I stack:    0 pid:   12 ppid:     2 flags:0x00004000
Apr  3 18:28:04 debian kernel: [38189.638332] Call Trace:
Apr  3 18:28:04 debian kernel: [38189.638346]  __schedule+0x282/0x880
Apr  3 18:28:04 debian kernel: [38189.638349]  schedule+0x46/0xb0
Apr  3 18:28:04 debian kernel: [38189.638351]  schedule_timeout+0x8b/0x150
Apr  3 18:28:04 debian kernel: [38189.638355]  ? __next_timer_interrupt+0x110/0x110
Apr  3 18:28:04 debian kernel: [38189.638359]  rcu_gp_kthread+0x51b/0xbb0
Apr  3 18:28:04 debian kernel: [38189.638458]  ? rcu_cpu_kthread+0x190/0x190
Apr  3 18:28:04 debian kernel: [38189.638461]  kthread+0x11b/0x140
Apr  3 18:28:04 debian kernel: [38189.638463]  ? __kthread_bind_mask+0x60/0x60
Apr  3 18:28:04 debian kernel: [38189.638466]  ret_from_fork+0x22/0x30
Apr  3 19:50:26 debian kernel: [43130.273841] 22:50:26.907326 control  Session 0 is about to close ...
Apr  3 19:50:26 debian kernel: [43130.278778] 22:50:26.912114 control  Stopping all guest processes ...
Apr  3 19:50:26 debian kernel: [43130.280043] 22:50:26.913942 control  Closing all guest files ...
Apr  3 19:50:26 debian kernel: [43130.282082] 22:50:26.915557 control  vbglR3GuestCtrlDetectPeekGetCancelSupport: Supported (#1)
Apr  8 09:06:19 debian kernel: [43134.972940] 12:06:19.414256 timesync vgsvcTimeSyncWorker: Radical host time change: 393 346 090 000 000ns (HostNow=1 680 955 579 414 000 00
Apr  8 09:06:19 debian kernel: [43135.164779] audit: type=1400 audit(1680955579.602:25): apparmor="DENIED" operation="capable" profile="/usr/sbin/cupsd" pid=11353 comm="cupsd" capability=12  capname="net_admin"
Apr  8 09:06:19 debian kernel: [43135.328220] audit: type=1400 audit(1680955579.766:26): apparmor="DENIED" operation="capable" profile="/usr/sbin/cups-browsed" pid=11359 comm="cups-browsed" capability=23  capname="sys_nice"
Apr  8 09:06:23 debian lightdm[11322]: Error getting user list from org.freedesktop.Accounts: GDBus.Error:org.freedesktop.DBus.Error.ServiceUnknown: The name org.freedesktop.Accounts was not provided by any .service files
Apr  8 09:17:31 debian lightdm[11547]: Error getting user list from org.freedesktop.Accounts: GDBus.Error:org.freedesktop.DBus.Error.ServiceUnknown: The name org.freedesktop.Accounts was not provided by any .service files
Apr  8 09:17:31 debian pipewire[11567]: could not set nice-level to -11: Permission denied
Apr  8 09:17:31 debian pipewire[11567]: could not make thread realtime: Permission denied
Apr  8 09:17:32 debian pipewire-media-session[11572]: could not set nice-level to -11: Permission denied
Apr  8 09:17:32 debian pipewire-media-session[11572]: could not make thread realtime: Permission denied
Apr  8 09:17:32 debian pulseaudio[11568]: Disabling timer-based scheduling because running inside a VM.
Apr  8 09:17:32 debian pulseaudio[11568]: Disabling timer-based scheduling because running inside a VM.
Apr  8 09:58:24 debian kernel: [    0.000000] Linux version 5.10.0-21-amd64 (debian-kernel@lists.debian.org) (gcc-10 (Debian 10.2.1-6) 10.2.1 20210110, GNU ld (GNU Binutils for Debian) 2.35.2) #1 SMP Debian 5.10.162-1 (2023-01-21)
Apr  8 09:58:24 debian kernel: [    0.000000] Command line: BOOT_IMAGE=/boot/vmlinuz-5.10.0-21-amd64 root=UUID=e7221505-6359-4f94-8394-28790b2bd726 ro quiet splash
Apr  8 09:58:24 debian kernel: [    0.000000] x86/fpu: Supporting XSAVE feature 0x001: 'x87 floating point registers'
Apr  8 09:58:24 debian kernel: [    0.000000] x86/fpu: Supporting XSAVE feature 0x002: 'SSE registers'
Apr  8 09:58:24 debian kernel: [    0.000000] x86/fpu: Supporting XSAVE feature 0x004: 'AVX registers'
Apr  8 09:58:24 debian kernel: [    0.000000] x86/fpu: xstate_offset[2]:  576, xstate_sizes[2]:  256
Apr  8 09:58:24 debian kernel: [    0.000000] x86/fpu: Enabled xstate features 0x7, context size is 832 bytes, using 'standard' format.
Apr  8 09:58:24 debian kernel: [    0.000000] BIOS-provided physical RAM map:
Apr  8 09:58:24 debian kernel: [    0.000000] BIOS-e820: [mem 0x0000000000000000-0x000000000009fbff] usable
Apr  8 09:58:24 debian kernel: [    0.000000] BIOS-e820: [mem 0x000000000009fc00-0x000000000009ffff] reserved
Apr  8 09:58:24 debian kernel: [    0.000000] BIOS-e820: [mem 0x00000000000f0000-0x00000000000fffff] reserved
Apr  8 09:58:24 debian kernel: [    0.000000] BIOS-e820: [mem 0x0000000000100000-0x000000007ffeffff] usable
Apr  8 09:58:24 debian kernel: [    0.000000] BIOS-e820: [mem 0x000000007fff0000-0x000000007fffffff] ACPI data
Apr  8 09:58:24 debian kernel: [    0.000000] BIOS-e820: [mem 0x00000000fec00000-0x00000000fec00fff] reserved
Apr  8 09:58:24 debian kernel: [    0.000000] BIOS-e820: [mem 0x00000000fee00000-0x00000000fee00fff] reserved
Apr  8 09:58:24 debian kernel: [    0.000000] BIOS-e820: [mem 0x00000000fffc0000-0x00000000ffffffff] reserved
Apr  8 09:58:24 debian kernel: [    0.000000] NX (Execute Disable) protection: active
Apr  8 09:58:24 debian kernel: [    0.000000] SMBIOS 2.5 present.
Apr  8 09:58:24 debian kernel: [    0.000000] DMI: innotek GmbH VirtualBox/VirtualBox, BIOS VirtualBox 12/01/2006
Apr  8 09:58:24 debian kernel: [    0.000000] Hypervisor detected: KVM
Apr  8 09:58:24 debian kernel: [    0.000000] kvm-clock: Using msrs 4b564d01 and 4b564d00
Apr  8 09:58:24 debian kernel: [    0.000000] kvm-clock: cpu 0, msr 60c01001, primary cpu clock
Apr  8 09:58:24 debian kernel: [    0.000001] kvm-clock: using sched offset of 7787169234 cycles
Apr  8 09:58:24 debian kernel: [    0.000003] clocksource: kvm-clock: mask: 0xffffffffffffffff max_cycles: 0x1cd42e4dffb, max_idle_ns: 881590591483 ns
Apr  8 09:58:24 debian kernel: [    0.000005] tsc: Detected 2809.174 MHz processor
Apr  8 09:58:24 debian kernel: [    0.001580] last_pfn = 0x7fff0 max_arch_pfn = 0x400000000
Apr  8 09:58:24 debian kernel: [    0.001642] Disabled
Apr  8 09:58:24 debian kernel: [    0.001643] x86/PAT: MTRRs disabled, skipping PAT initialization too.
Apr  8 09:58:24 debian kernel: [    0.001655] CPU MTRRs all blank - virtualized system.
Apr  8 09:58:24 debian kernel: [    0.001668] x86/PAT: Configuration [0-7]: WB  WT  UC- UC  WB  WT  UC- UC  
Apr  8 09:58:24 debian kernel: [    0.001735] found SMP MP-table at [mem 0x0009fff0-0x0009ffff]
Apr  8 09:58:24 debian kernel: [    0.024357] RAMDISK: [mem 0x32e1b000-0x35704fff]
Apr  8 09:58:24 debian kernel: [    0.024363] ACPI: Early table checksum verification disabled
Apr  8 09:58:24 debian kernel: [    0.024367] ACPI: RSDP 0x00000000000E0000 000024 (v02 VBOX  )
Apr  8 09:58:24 debian kernel: [    0.024371] ACPI: XSDT 0x000000007FFF0030 00003C (v01 VBOX   VBOXXSDT 00000001 ASL  00000061)
Apr  8 09:58:24 debian kernel: [    0.024384] ACPI: FACP 0x000000007FFF00F0 0000F4 (v04 VBOX   VBOXFACP 00000001 ASL  00000061)
Apr  8 09:58:24 debian kernel: [    0.024390] ACPI: DSDT 0x000000007FFF0610 002353 (v02 VBOX   VBOXBIOS 00000002 INTL 20200528)
Apr  8 09:58:24 debian kernel: [    0.024393] ACPI: FACS 0x000000007FFF0200 000040
Apr  8 09:58:24 debian kernel: [    0.024397] ACPI: FACS 0x000000007FFF0200 000040
Apr  8 09:58:24 debian kernel: [    0.024400] ACPI: APIC 0x000000007FFF0240 00005C (v02 VBOX   VBOXAPIC 00000001 ASL  00000061)
Apr  8 09:58:24 debian kernel: [    0.024403] ACPI: SSDT 0x000000007FFF02A0 00036C (v01 VBOX   VBOXCPUT 00000002 INTL 20200528)
Apr  8 09:58:24 debian kernel: [    0.024406] ACPI: Reserving FACP table memory at [mem 0x7fff00f0-0x7fff01e3]
Apr  8 09:58:24 debian kernel: [    0.024408] ACPI: Reserving DSDT table memory at [mem 0x7fff0610-0x7fff2962]
Apr  8 09:58:24 debian kernel: [    0.024408] ACPI: Reserving FACS table memory at [mem 0x7fff0200-0x7fff023f]
Apr  8 09:58:24 debian kernel: [    0.024409] ACPI: Reserving FACS table memory at [mem 0x7fff0200-0x7fff023f]
Apr  8 09:58:24 debian kernel: [    0.024409] ACPI: Reserving APIC table memory at [mem 0x7fff0240-0x7fff029b]
Apr  8 09:58:24 debian kernel: [    0.024410] ACPI: Reserving SSDT table memory at [mem 0x7fff02a0-0x7fff060b]
Apr  8 09:58:24 debian kernel: [    0.025988] No NUMA configuration found
Apr  8 09:58:24 debian kernel: [    0.025991] Faking a node at [mem 0x0000000000000000-0x000000007ffeffff]
Apr  8 09:58:24 debian kernel: [    0.026003] NODE_DATA(0) allocated [mem 0x7ffc6000-0x7ffeffff]
Apr  8 09:58:24 debian kernel: [    0.026464] Zone ranges:
Apr  8 09:58:24 debian kernel: [    0.026466]   DMA      [mem 0x0000000000001000-0x0000000000ffffff]
Apr  8 09:58:24 debian kernel: [    0.026468]   DMA32    [mem 0x0000000001000000-0x000000007ffeffff]
Apr  8 09:58:24 debian kernel: [    0.026469]   Normal   empty
Apr  8 09:58:24 debian kernel: [    0.026470]   Device   empty
Apr  8 09:58:24 debian kernel: [    0.026471] Movable zone start for each node
Apr  8 09:58:24 debian kernel: [    0.026474] Early memory node ranges
Apr  8 09:58:24 debian kernel: [    0.026475]   node   0: [mem 0x0000000000001000-0x000000000009efff]
Apr  8 09:58:24 debian kernel: [    0.026476]   node   0: [mem 0x0000000000100000-0x000000007ffeffff]
Apr  8 09:58:24 debian kernel: [    0.026478] Initmem setup node 0 [mem 0x0000000000001000-0x000000007ffeffff]
Apr  8 09:58:24 debian kernel: [    0.026487] On node 0, zone DMA: 1 pages in unavailable ranges
Apr  8 09:58:24 debian kernel: [    0.026518] On node 0, zone DMA: 97 pages in unavailable ranges
Apr  8 09:58:24 debian kernel: [    0.027178] On node 0, zone DMA32: 16 pages in unavailable ranges
Apr  8 09:58:24 debian kernel: [    0.030952] ACPI: PM-Timer IO Port: 0x4008
Apr  8 09:58:24 debian kernel: [    0.031203] IOAPIC[0]: apic_id 2, version 32, address 0xfec00000, GSI 0-23
Apr  8 09:58:24 debian kernel: [    0.031207] ACPI: INT_SRC_OVR (bus 0 bus_irq 0 global_irq 2 dfl dfl)
Apr  8 09:58:24 debian kernel: [    0.031209] ACPI: INT_SRC_OVR (bus 0 bus_irq 9 global_irq 9 low level)
Apr  8 09:58:24 debian kernel: [    0.031215] Using ACPI (MADT) for SMP configuration information
Apr  8 09:58:24 debian kernel: [    0.031237] smpboot: Allowing 2 CPUs, 0 hotplug CPUs
Apr  8 09:58:24 debian kernel: [    0.031344] PM: hibernation: Registered nosave memory: [mem 0x00000000-0x00000fff]
Apr  8 09:58:24 debian kernel: [    0.031346] PM: hibernation: Registered nosave memory: [mem 0x0009f000-0x0009ffff]
Apr  8 09:58:24 debian kernel: [    0.031346] PM: hibernation: Registered nosave memory: [mem 0x000a0000-0x000effff]
Apr  8 09:58:24 debian kernel: [    0.031347] PM: hibernation: Registered nosave memory: [mem 0x000f0000-0x000fffff]
Apr  8 09:58:24 debian kernel: [    0.031349] [mem 0x80000000-0xfebfffff] available for PCI devices
Apr  8 09:58:24 debian kernel: [    0.031349] Booting paravirtualized kernel on KVM
Apr  8 09:58:24 debian kernel: [    0.031352] clocksource: refined-jiffies: mask: 0xffffffff max_cycles: 0xffffffff, max_idle_ns: 7645519600211568 ns
Apr  8 09:58:24 debian kernel: [    0.035384] setup_percpu: NR_CPUS:8192 nr_cpumask_bits:2 nr_cpu_ids:2 nr_node_ids:1
Apr  8 09:58:24 debian kernel: [    0.035479] percpu: Embedded 63 pages/cpu s221184 r8192 d28672 u1048576
Apr  8 09:58:24 debian kernel: [    0.035694] kvm-guest: PV spinlocks enabled
Apr  8 09:58:24 debian kernel: [    0.035698] PV qspinlock hash table entries: 256 (order: 0, 4096 bytes, linear)
Apr  8 09:58:24 debian kernel: [    0.035716] Built 1 zonelists, mobility grouping on.  Total pages: 515961
Apr  8 09:58:24 debian kernel: [    0.035717] Policy zone: DMA32
Apr  8 09:58:24 debian kernel: [    0.035718] Kernel command line: BOOT_IMAGE=/boot/vmlinuz-5.10.0-21-amd64 root=UUID=e7221505-6359-4f94-8394-28790b2bd726 ro quiet splash
Apr  8 09:58:24 debian kernel: [    0.037828] Dentry cache hash table entries: 262144 (order: 9, 2097152 bytes, linear)
Apr  8 09:58:24 debian kernel: [    0.037901] Inode-cache hash table entries: 131072 (order: 8, 1048576 bytes, linear)
Apr  8 09:58:24 debian kernel: [    0.038137] mem auto-init: stack:off, heap alloc:on, heap free:off
Apr  8 09:58:24 debian kernel: [    0.039912] Memory: 261408K/2096696K available (12295K kernel code, 2537K rwdata, 7560K rodata, 2660K init, 5468K bss, 115480K reserved, 0K cma-reserved)
Apr  8 09:58:24 debian kernel: [    0.040601] SLUB: HWalign=64, Order=0-3, MinObjects=0, CPUs=2, Nodes=1
Apr  8 09:58:24 debian kernel: [    0.040633] Kernel/User page tables isolation: enabled
Apr  8 09:58:24 debian kernel: [    0.040643] ftrace: allocating 36545 entries in 143 pages
Apr  8 09:58:24 debian kernel: [    0.061226] ftrace: allocated 143 pages with 5 groups
Apr  8 09:58:24 debian kernel: [    0.061397] rcu: Hierarchical RCU implementation.
Apr  8 09:58:24 debian kernel: [    0.061398] rcu: 	RCU restricting CPUs from NR_CPUS=8192 to nr_cpu_ids=2.
Apr  8 09:58:24 debian kernel: [    0.061399] 	Rude variant of Tasks RCU enabled.
Apr  8 09:58:24 debian kernel: [    0.061400] 	Tracing variant of Tasks RCU enabled.
Apr  8 09:58:24 debian kernel: [    0.061401] rcu: RCU calculated value of scheduler-enlistment delay is 25 jiffies.
Apr  8 09:58:24 debian kernel: [    0.061402] rcu: Adjusting geometry for rcu_fanout_leaf=16, nr_cpu_ids=2
Apr  8 09:58:24 debian kernel: [    0.066578] NR_IRQS: 524544, nr_irqs: 440, preallocated irqs: 16
Apr  8 09:58:24 debian kernel: [    0.067431] random: crng init done
Apr  8 09:58:24 debian kernel: [    0.105480] Console: colour VGA+ 80x25
Apr  8 09:58:24 debian kernel: [    0.105490] printk: console [tty0] enabled
Apr  8 09:58:24 debian kernel: [    0.105517] ACPI: Core revision 20200925
Apr  8 09:58:24 debian kernel: [    0.106052] APIC: Switch to symmetric I/O mode setup
Apr  8 09:58:24 debian kernel: [    0.108178] x2apic enabled
Apr  8 09:58:24 debian kernel: [    0.110855] Switched APIC routing to physical x2apic.
Apr  8 09:58:24 debian kernel: [    0.122863] ..TIMER: vector=0x30 apic1=0 pin1=2 apic2=-1 pin2=-1
Apr  8 09:58:24 debian kernel: [    0.123072] clocksource: tsc-early: mask: 0xffffffffffffffff max_cycles: 0x287e1b1f322, max_idle_ns: 440795269365 ns
Apr  8 09:58:24 debian kernel: [    0.123079] Calibrating delay loop (skipped) preset value.. 5618.34 BogoMIPS (lpj=11236696)
Apr  8 09:58:24 debian kernel: [    0.123081] pid_max: default: 32768 minimum: 301
Apr  8 09:58:24 debian kernel: [    0.123120] LSM: Security Framework initializing
Apr  8 09:58:24 debian kernel: [    0.123144] Yama: disabled by default; enable with sysctl kernel.yama.*
Apr  8 09:58:24 debian kernel: [    0.123173] AppArmor: AppArmor initialized
Apr  8 09:58:24 debian kernel: [    0.123175] TOMOYO Linux initialized
Apr  8 09:58:24 debian kernel: [    0.123190] Mount-cache hash table entries: 4096 (order: 3, 32768 bytes, linear)
Apr  8 09:58:24 debian kernel: [    0.123194] Mountpoint-cache hash table entries: 4096 (order: 3, 32768 bytes, linear)
Apr  8 09:58:24 debian kernel: [    0.125063] Last level iTLB entries: 4KB 64, 2MB 8, 4MB 8
Apr  8 09:58:24 debian kernel: [    0.125066] Last level dTLB entries: 4KB 64, 2MB 0, 4MB 0, 1GB 4
Apr  8 09:58:24 debian kernel: [    0.125086] Spectre V1 : Mitigation: usercopy/swapgs barriers and __user pointer sanitization
Apr  8 09:58:24 debian kernel: [    0.125089] Spectre V2 : Mitigation: Retpolines
Apr  8 09:58:24 debian kernel: [    0.125090] Spectre V2 : Spectre v2 / SpectreRSB mitigation: Filling RSB on context switch
Apr  8 09:58:24 debian kernel: [    0.125090] Spectre V2 : Spectre v2 / SpectreRSB : Filling RSB on VMEXIT
Apr  8 09:58:24 debian kernel: [    0.127243] RETBleed: Vulnerable
Apr  8 09:58:24 debian kernel: [    0.127245] Speculative Store Bypass: Vulnerable
Apr  8 09:58:24 debian kernel: [    0.127327] MDS: Mitigation: Clear CPU buffers
Apr  8 09:58:24 debian kernel: [    0.127328] MMIO Stale Data: Mitigation: Clear CPU buffers
Apr  8 09:58:24 debian kernel: [    0.127404] SRBDS: Unknown: Dependent on hypervisor status
Apr  8 09:58:24 debian kernel: [    0.143597] Freeing SMP alternatives memory: 32K
Apr  8 09:58:24 debian kernel: [    0.256033] smpboot: CPU0: Intel(R) Core(TM) i7-8569U CPU @ 2.80GHz (family: 0x6, model: 0x8e, stepping: 0xa)
Apr  8 09:58:24 debian kernel: [    0.256236] Performance Events: unsupported p6 CPU model 142 no PMU driver, software events only.
Apr  8 09:58:24 debian kernel: [    0.256311] rcu: Hierarchical SRCU implementation.
Apr  8 09:58:24 debian kernel: [    0.257029] NMI watchdog: Perf NMI watchdog permanently disabled
Apr  8 09:58:24 debian kernel: [    0.257503] smp: Bringing up secondary CPUs ...
Apr  8 09:58:24 debian kernel: [    0.257678] x86: Booting SMP configuration:
Apr  8 09:58:24 debian kernel: [    0.257681] .... node  #0, CPUs:      #1
Apr  8 09:58:24 debian kernel: [    0.051667] kvm-clock: cpu 1, msr 60c01041, secondary cpu clock
Apr  8 09:58:24 debian kernel: [    0.259408] smp: Brought up 1 node, 2 CPUs
Apr  8 09:58:24 debian kernel: [    0.259410] smpboot: Max logical packages: 1
Apr  8 09:58:24 debian kernel: [    0.259412] smpboot: Total of 2 processors activated (11236.69 BogoMIPS)
Apr  8 09:58:24 debian kernel: [    0.263076] node 0 deferred pages initialised in 0ms
Apr  8 09:58:24 debian kernel: [    0.263479] devtmpfs: initialized
Apr  8 09:58:24 debian kernel: [    0.263479] x86/mm: Memory block size: 128MB
Apr  8 09:58:24 debian kernel: [    0.263479] clocksource: jiffies: mask: 0xffffffff max_cycles: 0xffffffff, max_idle_ns: 7645041785100000 ns
Apr  8 09:58:24 debian kernel: [    0.263479] futex hash table entries: 512 (order: 3, 32768 bytes, linear)
Apr  8 09:58:24 debian kernel: [    0.263479] pinctrl core: initialized pinctrl subsystem
Apr  8 09:58:24 debian kernel: [    0.263479] NET: Registered protocol family 16
Apr  8 09:58:24 debian kernel: [    0.263935] DMA: preallocated 256 KiB GFP_KERNEL pool for atomic allocations
Apr  8 09:58:24 debian kernel: [    0.263956] DMA: preallocated 256 KiB GFP_KERNEL|GFP_DMA pool for atomic allocations
Apr  8 09:58:24 debian kernel: [    0.263974] DMA: preallocated 256 KiB GFP_KERNEL|GFP_DMA32 pool for atomic allocations
Apr  8 09:58:24 debian kernel: [    0.263980] audit: initializing netlink subsys (disabled)
Apr  8 09:58:24 debian kernel: [    0.264007] thermal_sys: Registered thermal governor 'fair_share'
Apr  8 09:58:24 debian kernel: [    0.264007] thermal_sys: Registered thermal governor 'bang_bang'
Apr  8 09:58:24 debian kernel: [    0.264007] thermal_sys: Registered thermal governor 'step_wise'
Apr  8 09:58:24 debian kernel: [    0.264007] thermal_sys: Registered thermal governor 'user_space'
Apr  8 09:58:24 debian kernel: [    0.264007] thermal_sys: Registered thermal governor 'power_allocator'
Apr  8 09:58:24 debian kernel: [    0.264007] cpuidle: using governor ladder
Apr  8 09:58:24 debian kernel: [    0.264007] cpuidle: using governor menu
Apr  8 09:58:24 debian kernel: [    0.264007] ACPI: bus type PCI registered
Apr  8 09:58:24 debian kernel: [    0.264007] acpiphp: ACPI Hot Plug PCI Controller Driver version: 0.5
Apr  8 09:58:24 debian kernel: [    0.264007] PCI: Using configuration type 1 for base access
Apr  8 09:58:24 debian kernel: [    0.264518] Kprobes globally optimized
Apr  8 09:58:24 debian kernel: [    0.267090] audit: type=2000 audit(1680958708.174:1): state=initialized audit_enabled=0 res=1
Apr  8 09:58:24 debian kernel: [    0.267198] HugeTLB registered 2.00 MiB page size, pre-allocated 0 pages
Apr  8 09:58:24 debian kernel: [    0.355634] ACPI: Added _OSI(Module Device)
Apr  8 09:58:24 debian kernel: [    0.355634] ACPI: Added _OSI(Processor Device)
Apr  8 09:58:24 debian kernel: [    0.355634] ACPI: Added _OSI(3.0 _SCP Extensions)
Apr  8 09:58:24 debian kernel: [    0.355634] ACPI: Added _OSI(Processor Aggregator Device)
Apr  8 09:58:24 debian kernel: [    0.355634] ACPI: Added _OSI(Linux-Dell-Video)
Apr  8 09:58:24 debian kernel: [    0.355634] ACPI: Added _OSI(Linux-Lenovo-NV-HDMI-Audio)
Apr  8 09:58:24 debian kernel: [    0.355634] ACPI: Added _OSI(Linux-HPI-Hybrid-Graphics)
Apr  8 09:58:24 debian kernel: [    0.359416] ACPI: 2 ACPI AML tables successfully acquired and loaded
Apr  8 09:58:24 debian kernel: [    0.364422] ACPI: Interpreter enabled
Apr  8 09:58:24 debian kernel: [    0.364432] ACPI: (supports S0 S5)
Apr  8 09:58:24 debian kernel: [    0.364434] ACPI: Using IOAPIC for interrupt routing
Apr  8 09:58:24 debian kernel: [    0.364826] PCI: Using host bridge windows from ACPI; if necessary, use "pci=nocrs" and report a bug
Apr  8 09:58:24 debian kernel: [    0.364960] ACPI: Enabled 2 GPEs in block 00 to 07
Apr  8 09:58:24 debian kernel: [    0.376372] ACPI: PCI Root Bridge [PCI0] (domain 0000 [bus 00-ff])
Apr  8 09:58:24 debian kernel: [    0.376376] acpi PNP0A03:00: _OSC: OS supports [ASPM ClockPM Segments MSI HPX-Type3]
Apr  8 09:58:24 debian kernel: [    0.376955] acpi PNP0A03:00: _OSC: not requesting OS control; OS requires [ExtendedConfig ASPM ClockPM MSI]
Apr  8 09:58:24 debian kernel: [    0.376961] acpi PNP0A03:00: fail to add MMCONFIG information, can't access extended PCI configuration space under this bridge.
Apr  8 09:58:24 debian kernel: [    0.379381] PCI host bridge to bus 0000:00
Apr  8 09:58:24 debian kernel: [    0.379383] pci_bus 0000:00: root bus resource [io  0x0000-0x0cf7 window]
Apr  8 09:58:24 debian kernel: [    0.379384] pci_bus 0000:00: root bus resource [io  0x0d00-0xffff window]
Apr  8 09:58:24 debian kernel: [    0.379385] pci_bus 0000:00: root bus resource [mem 0x000a0000-0x000bffff window]
Apr  8 09:58:24 debian kernel: [    0.379386] pci_bus 0000:00: root bus resource [mem 0x80000000-0xfdffffff window]
Apr  8 09:58:24 debian kernel: [    0.379387] pci_bus 0000:00: root bus resource [bus 00-ff]
Apr  8 09:58:24 debian kernel: [    0.379494] pci 0000:00:00.0: [8086:1237] type 00 class 0x060000
Apr  8 09:58:24 debian kernel: [    0.383209] pci 0000:00:01.0: [8086:7000] type 00 class 0x060100
Apr  8 09:58:24 debian kernel: [    0.387203] pci 0000:00:01.1: [8086:7111] type 00 class 0x01018a
Apr  8 09:58:24 debian kernel: [    0.388613] pci 0000:00:01.1: reg 0x20: [io  0xd000-0xd00f]
Apr  8 09:58:24 debian kernel: [    0.389214] pci 0000:00:01.1: legacy IDE quirk: reg 0x10: [io  0x01f0-0x01f7]
Apr  8 09:58:24 debian kernel: [    0.389215] pci 0000:00:01.1: legacy IDE quirk: reg 0x14: [io  0x03f6]
Apr  8 09:58:24 debian kernel: [    0.389216] pci 0000:00:01.1: legacy IDE quirk: reg 0x18: [io  0x0170-0x0177]
Apr  8 09:58:24 debian kernel: [    0.389217] pci 0000:00:01.1: legacy IDE quirk: reg 0x1c: [io  0x0376]
Apr  8 09:58:24 debian kernel: [    0.391538] pci 0000:00:02.0: [15ad:0405] type 00 class 0x030000
Apr  8 09:58:24 debian kernel: [    0.395081] pci 0000:00:02.0: reg 0x10: [io  0xd010-0xd01f]
Apr  8 09:58:24 debian kernel: [    0.403080] pci 0000:00:02.0: reg 0x14: [mem 0xe0000000-0xe0ffffff pref]
Apr  8 09:58:24 debian kernel: [    0.407089] pci 0000:00:02.0: reg 0x18: [mem 0xf0000000-0xf01fffff]
Apr  8 09:58:24 debian kernel: [    0.439082] pci 0000:00:03.0: [8086:100e] type 00 class 0x020000
Apr  8 09:58:24 debian kernel: [    0.440016] pci 0000:00:03.0: reg 0x10: [mem 0xf0200000-0xf021ffff]
Apr  8 09:58:24 debian kernel: [    0.441204] pci 0000:00:03.0: reg 0x18: [io  0xd020-0xd027]
Apr  8 09:58:24 debian kernel: [    0.448084] pci 0000:00:04.0: [80ee:cafe] type 00 class 0x088000
Apr  8 09:58:24 debian kernel: [    0.449625] pci 0000:00:04.0: reg 0x10: [io  0xd040-0xd05f]
Apr  8 09:58:24 debian kernel: [    0.450369] pci 0000:00:04.0: reg 0x14: [mem 0xf0400000-0xf07fffff]
Apr  8 09:58:24 debian kernel: [    0.451297] pci 0000:00:04.0: reg 0x18: [mem 0xf0800000-0xf0803fff pref]
Apr  8 09:58:24 debian kernel: [    0.456627] pci 0000:00:05.0: [8086:2415] type 00 class 0x040100
Apr  8 09:58:24 debian kernel: [    0.456949] pci 0000:00:05.0: reg 0x10: [io  0xd100-0xd1ff]
Apr  8 09:58:24 debian kernel: [    0.457126] pci 0000:00:05.0: reg 0x14: [io  0xd200-0xd23f]
Apr  8 09:58:24 debian kernel: [    0.459899] pci 0000:00:06.0: [106b:003f] type 00 class 0x0c0310
Apr  8 09:58:24 debian kernel: [    0.460847] pci 0000:00:06.0: reg 0x10: [mem 0xf0804000-0xf0804fff]
Apr  8 09:58:24 debian kernel: [    0.468104] pci 0000:00:07.0: [8086:7113] type 00 class 0x068000
Apr  8 09:58:24 debian kernel: [    0.469790] pci 0000:00:07.0: quirk: [io  0x4000-0x403f] claimed by PIIX4 ACPI
Apr  8 09:58:24 debian kernel: [    0.469820] pci 0000:00:07.0: quirk: [io  0x4100-0x410f] claimed by PIIX4 SMB
Apr  8 09:58:24 debian kernel: [    0.472124] pci 0000:00:08.0: [8086:100e] type 00 class 0x020000
Apr  8 09:58:24 debian kernel: [    0.473202] pci 0000:00:08.0: reg 0x10: [mem 0xf0820000-0xf083ffff]
Apr  8 09:58:24 debian kernel: [    0.475227] pci 0000:00:08.0: reg 0x18: [io  0xd240-0xd247]
Apr  8 09:58:24 debian kernel: [    0.480519] pci 0000:00:0b.0: [8086:265c] type 00 class 0x0c0320
Apr  8 09:58:24 debian kernel: [    0.481236] pci 0000:00:0b.0: reg 0x10: [mem 0xf0840000-0xf0840fff]
Apr  8 09:58:24 debian kernel: [    0.487364] pci 0000:00:0d.0: [8086:2829] type 00 class 0x010601
Apr  8 09:58:24 debian kernel: [    0.488411] pci 0000:00:0d.0: reg 0x10: [io  0xd248-0xd24f]
Apr  8 09:58:24 debian kernel: [    0.489247] pci 0000:00:0d.0: reg 0x14: [io  0xd250-0xd253]
Apr  8 09:58:24 debian kernel: [    0.490148] pci 0000:00:0d.0: reg 0x18: [io  0xd258-0xd25f]
Apr  8 09:58:24 debian kernel: [    0.490975] pci 0000:00:0d.0: reg 0x1c: [io  0xd260-0xd263]
Apr  8 09:58:24 debian kernel: [    0.491239] pci 0000:00:0d.0: reg 0x20: [io  0xd270-0xd27f]
Apr  8 09:58:24 debian kernel: [    0.492125] pci 0000:00:0d.0: reg 0x24: [mem 0xf0842000-0xf0843fff]
Apr  8 09:58:24 debian kernel: [    0.496370] ACPI: PCI Interrupt Link [LNKA] (IRQs 5 9 10 *11)
Apr  8 09:58:24 debian kernel: [    0.496752] ACPI: PCI Interrupt Link [LNKB] (IRQs 5 9 *10 11)
Apr  8 09:58:24 debian kernel: [    0.496951] ACPI: PCI Interrupt Link [LNKC] (IRQs 5 *9 10 11)
Apr  8 09:58:24 debian kernel: [    0.497116] ACPI: PCI Interrupt Link [LNKD] (IRQs 5 9 10 *11)
Apr  8 09:58:24 debian kernel: [    0.497299] iommu: Default domain type: Translated 
Apr  8 09:58:24 debian kernel: [    0.497381] pci 0000:00:02.0: vgaarb: setting as boot VGA device
Apr  8 09:58:24 debian kernel: [    0.497382] pci 0000:00:02.0: vgaarb: VGA device added: decodes=io+mem,owns=io+mem,locks=none
Apr  8 09:58:24 debian kernel: [    0.497384] pci 0000:00:02.0: vgaarb: bridge control possible
Apr  8 09:58:24 debian kernel: [    0.497385] vgaarb: loaded
Apr  8 09:58:24 debian kernel: [    0.497434] EDAC MC: Ver: 3.0.0
Apr  8 09:58:24 debian kernel: [    0.498038] NetLabel: Initializing
Apr  8 09:58:24 debian kernel: [    0.498038] NetLabel:  domain hash size = 128
Apr  8 09:58:24 debian kernel: [    0.498038] NetLabel:  protocols = UNLABELED CIPSOv4 CALIPSO
Apr  8 09:58:24 debian kernel: [    0.498038] NetLabel:  unlabeled traffic allowed by default
Apr  8 09:58:24 debian kernel: [    0.498038] PCI: Using ACPI for IRQ routing
Apr  8 09:58:24 debian kernel: [    0.499123] clocksource: Switched to clocksource kvm-clock
Apr  8 09:58:24 debian kernel: [    0.507108] VFS: Disk quotas dquot_6.6.0
Apr  8 09:58:24 debian kernel: [    0.507108] VFS: Dquot-cache hash table entries: 512 (order 0, 4096 bytes)
Apr  8 09:58:24 debian kernel: [    0.507108] AppArmor: AppArmor Filesystem Enabled
Apr  8 09:58:24 debian kernel: [    0.507108] pnp: PnP ACPI init
Apr  8 09:58:24 debian kernel: [    0.510065] pnp: PnP ACPI: found 2 devices
Apr  8 09:58:24 debian kernel: [    0.515723] clocksource: acpi_pm: mask: 0xffffff max_cycles: 0xffffff, max_idle_ns: 2085701024 ns
Apr  8 09:58:24 debian kernel: [    0.515769] NET: Registered protocol family 2
Apr  8 09:58:24 debian kernel: [    0.515798] IP idents hash table entries: 32768 (order: 6, 262144 bytes, linear)
Apr  8 09:58:24 debian kernel: [    0.516171] tcp_listen_portaddr_hash hash table entries: 1024 (order: 2, 16384 bytes, linear)
Apr  8 09:58:24 debian kernel: [    0.516191] TCP established hash table entries: 16384 (order: 5, 131072 bytes, linear)
Apr  8 09:58:24 debian kernel: [    0.516212] TCP bind hash table entries: 16384 (order: 6, 262144 bytes, linear)
Apr  8 09:58:24 debian kernel: [    0.516229] TCP: Hash tables configured (established 16384 bind 16384)
Apr  8 09:58:24 debian kernel: [    0.516249] UDP hash table entries: 1024 (order: 3, 32768 bytes, linear)
Apr  8 09:58:24 debian kernel: [    0.516253] UDP-Lite hash table entries: 1024 (order: 3, 32768 bytes, linear)
Apr  8 09:58:24 debian kernel: [    0.516276] NET: Registered protocol family 1
Apr  8 09:58:24 debian kernel: [    0.516280] NET: Registered protocol family 44
Apr  8 09:58:24 debian kernel: [    0.516288] pci_bus 0000:00: resource 4 [io  0x0000-0x0cf7 window]
Apr  8 09:58:24 debian kernel: [    0.516289] pci_bus 0000:00: resource 5 [io  0x0d00-0xffff window]
Apr  8 09:58:24 debian kernel: [    0.516290] pci_bus 0000:00: resource 6 [mem 0x000a0000-0x000bffff window]
Apr  8 09:58:24 debian kernel: [    0.516291] pci_bus 0000:00: resource 7 [mem 0x80000000-0xfdffffff window]
Apr  8 09:58:24 debian kernel: [    0.516336] pci 0000:00:00.0: Limiting direct PCI/PCI transfers
Apr  8 09:58:24 debian kernel: [    0.516363] pci 0000:00:01.0: Activating ISA DMA hang workarounds
Apr  8 09:58:24 debian kernel: [    0.516486] pci 0000:00:02.0: Video device with shadowed ROM at [mem 0x000c0000-0x000dffff]
Apr  8 09:58:24 debian kernel: [    0.520876] PCI: CLS 0 bytes, default 64
Apr  8 09:58:24 debian rsyslogd: imuxsock: Acquired UNIX socket '/run/systemd/journal/syslog' (fd 3) from systemd.  [v8.2102.0]
Apr  8 09:58:24 debian rsyslogd: [origin software="rsyslogd" swVersion="8.2102.0" x-pid="351" x-info="https://www.rsyslog.com"] start
Apr  8 09:58:24 debian kernel: [    0.520913] Trying to unpack rootfs image as initramfs...
Apr  8 09:58:24 debian kernel: [    1.415212] Freeing initrd memory: 41896K
Apr  8 09:58:24 debian kernel: [    1.415384] clocksource: tsc: mask: 0xffffffffffffffff max_cycles: 0x287e1b1f322, max_idle_ns: 440795269365 ns
Apr  8 09:58:24 debian kernel: [    1.415648] clocksource: Switched to clocksource tsc
Apr  8 09:58:24 debian kernel: [    1.415692] platform rtc_cmos: registered platform RTC device (no PNP device found)
Apr  8 09:58:24 debian kernel: [    1.416195] Initialise system trusted keyrings
Apr  8 09:58:24 debian kernel: [    1.416203] Key type blacklist registered
Apr  8 09:58:24 debian kernel: [    1.416345] workingset: timestamp_bits=36 max_order=19 bucket_order=0
Apr  8 09:58:24 debian kernel: [    1.417117] zbud: loaded
Apr  8 09:58:24 debian kernel: [    1.417887] integrity: Platform Keyring initialized
Apr  8 09:58:24 debian kernel: [    1.417890] Key type asymmetric registered
Apr  8 09:58:24 debian kernel: [    1.417891] Asymmetric key parser 'x509' registered
Apr  8 09:58:24 debian kernel: [    1.417899] Block layer SCSI generic (bsg) driver version 0.4 loaded (major 251)
Apr  8 09:58:24 debian kernel: [    1.418439] io scheduler mq-deadline registered
Apr  8 09:58:24 debian kernel: [    1.419330] shpchp: Standard Hot Plug PCI Controller Driver version: 0.4
Apr  8 09:58:24 debian kernel: [    1.420166] Serial: 8250/16550 driver, 4 ports, IRQ sharing enabled
Apr  8 09:58:24 debian kernel: [    1.421561] Linux agpgart interface v0.103
Apr  8 09:58:24 debian kernel: [    1.421831] AMD-Vi: AMD IOMMUv2 functionality not available on this system - This is not a bug.
Apr  8 09:58:24 debian kernel: [    1.422890] i8042: PNP: PS/2 Controller [PNP0303:PS2K,PNP0f03:PS2M] at 0x60,0x64 irq 1,12
Apr  8 09:58:24 debian kernel: [    1.425878] serio: i8042 KBD port at 0x60,0x64 irq 1
Apr  8 09:58:24 debian kernel: [    1.425887] serio: i8042 AUX port at 0x60,0x64 irq 12
Apr  8 09:58:24 debian kernel: [    1.425999] mousedev: PS/2 mouse device common for all mice
Apr  8 09:58:24 debian kernel: [    1.430486] input: AT Translated Set 2 keyboard as /devices/platform/i8042/serio0/input/input0
Apr  8 09:58:24 debian kernel: [    1.431011] rtc_cmos rtc_cmos: registered as rtc0
Apr  8 09:58:24 debian kernel: [    1.431553] rtc_cmos rtc_cmos: setting system clock to 2023-04-08T12:58:20 UTC (1680958700)
Apr  8 09:58:24 debian kernel: [    1.431576] rtc_cmos rtc_cmos: alarms up to one day, 114 bytes nvram
Apr  8 09:58:24 debian kernel: [    1.431587] intel_pstate: CPU model not supported
Apr  8 09:58:24 debian kernel: [    1.431951] ledtrig-cpu: registered to indicate activity on CPUs
Apr  8 09:58:24 debian kernel: [    1.432176] NET: Registered protocol family 10
Apr  8 09:58:24 debian kernel: [    1.441400] Segment Routing with IPv6
Apr  8 09:58:24 debian kernel: [    1.441424] mip6: Mobile IPv6
Apr  8 09:58:24 debian kernel: [    1.441426] NET: Registered protocol family 17
Apr  8 09:58:24 debian kernel: [    1.441582] mpls_gso: MPLS GSO support
Apr  8 09:58:24 debian kernel: [    1.442882] IPI shorthand broadcast: enabled
Apr  8 09:58:24 debian kernel: [    1.442887] sched_clock: Marking stable (1395122295, 47667671)->(1447017006, -4227040)
Apr  8 09:58:24 debian kernel: [    1.443198] registered taskstats version 1
Apr  8 09:58:24 debian kernel: [    1.443200] Loading compiled-in X.509 certificates
Apr  8 09:58:24 debian kernel: [    1.468549] Loaded X.509 cert 'Debian Secure Boot CA: 6ccece7e4c6c0d1f6149f3dd27dfcc5cbb419ea1'
Apr  8 09:58:24 debian kernel: [    1.468565] Loaded X.509 cert 'Debian Secure Boot Signer 2022 - linux: 14011249c2675ea8e5148542202005810584b25f'
Apr  8 09:58:24 debian kernel: [    1.468589] zswap: loaded using pool lzo/zbud
Apr  8 09:58:24 debian kernel: [    1.469663] Key type .fscrypt registered
Apr  8 09:58:24 debian kernel: [    1.469665] Key type fscrypt-provisioning registered
Apr  8 09:58:24 debian kernel: [    1.469700] AppArmor: AppArmor sha1 policy hashing enabled
Apr  8 09:58:24 debian kernel: [    1.471527] Freeing unused decrypted memory: 2036K
Apr  8 09:58:24 debian kernel: [    1.471961] Freeing unused kernel image (initmem) memory: 2660K
Apr  8 09:58:24 debian kernel: [    1.483566] Write protecting the kernel read-only data: 22528k
Apr  8 09:58:24 debian kernel: [    1.484286] Freeing unused kernel image (text/rodata gap) memory: 2040K
Apr  8 09:58:24 debian kernel: [    1.484670] Freeing unused kernel image (rodata/data gap) memory: 632K
Apr  8 09:58:24 debian kernel: [    1.536389] x86/mm: Checked W+X mappings: passed, no W+X pages found.
Apr  8 09:58:24 debian kernel: [    1.536392] x86/mm: Checking user space page tables
Apr  8 09:58:24 debian kernel: [    1.585248] x86/mm: Checked W+X mappings: passed, no W+X pages found.
Apr  8 09:58:24 debian kernel: [    1.585255] Run /init as init process
Apr  8 09:58:24 debian kernel: [    1.666731] input: Power Button as /devices/LNXSYSTM:00/LNXPWRBN:00/input/input2
Apr  8 09:58:24 debian kernel: [    1.672538] ACPI: Video Device [GFX0] (multi-head: yes  rom: no  post: no)
Apr  8 09:58:24 debian kernel: [    1.672615] input: Video Bus as /devices/LNXSYSTM:00/LNXSYBUS:00/PNP0A03:00/LNXVIDEO:00/input/input3
Apr  8 09:58:24 debian kernel: [    1.678203] battery: ACPI: Battery Slot [BAT0] (battery present)
Apr  8 09:58:24 debian kernel: [    1.698092] e1000: Intel(R) PRO/1000 Network Driver
Apr  8 09:58:24 debian kernel: [    1.698093] e1000: Copyright (c) 1999-2006 Intel Corporation.
Apr  8 09:58:24 debian kernel: [    1.705625] piix4_smbus 0000:00:07.0: SMBus Host Controller at 0x4100, revision 0
Apr  8 09:58:24 debian kernel: [    1.706004] ACPI: Power Button [PWRF]
Apr  8 09:58:24 debian kernel: [    1.706140] input: Sleep Button as /devices/LNXSYSTM:00/LNXSLPBN:00/input/input4
Apr  8 09:58:24 debian kernel: [    1.706160] ACPI: Sleep Button [SLPF]
Apr  8 09:58:24 debian kernel: [    1.718179] ACPI: bus type USB registered
Apr  8 09:58:24 debian kernel: [    1.718210] usbcore: registered new interface driver usbfs
Apr  8 09:58:24 debian kernel: [    1.718215] usbcore: registered new interface driver hub
Apr  8 09:58:24 debian kernel: [    1.718236] usbcore: registered new device driver usb
Apr  8 09:58:24 debian kernel: [    1.724792] ehci_hcd: USB 2.0 'Enhanced' Host Controller (EHCI) Driver
Apr  8 09:58:24 debian kernel: [    1.726615] ehci-pci: EHCI PCI platform driver
Apr  8 09:58:24 debian kernel: [    1.728232] ehci-pci 0000:00:0b.0: EHCI Host Controller
Apr  8 09:58:24 debian kernel: [    1.728238] ehci-pci 0000:00:0b.0: new USB bus registered, assigned bus number 1
Apr  8 09:58:24 debian kernel: [    1.729527] ehci-pci 0000:00:0b.0: irq 19, io mem 0xf0840000
Apr  8 09:58:24 debian kernel: [    1.732663] ohci_hcd: USB 1.1 'Open' Host Controller (OHCI) Driver
Apr  8 09:58:24 debian kernel: [    1.751298] ehci-pci 0000:00:0b.0: USB 2.0 started, EHCI 1.00
Apr  8 09:58:24 debian kernel: [    1.766920] usb usb1: New USB device found, idVendor=1d6b, idProduct=0002, bcdDevice= 5.10
Apr  8 09:58:24 debian kernel: [    1.766922] usb usb1: New USB device strings: Mfr=3, Product=2, SerialNumber=1
Apr  8 09:58:24 debian kernel: [    1.766923] usb usb1: Product: EHCI Host Controller
Apr  8 09:58:24 debian kernel: [    1.766923] usb usb1: Manufacturer: Linux 5.10.0-21-amd64 ehci_hcd
Apr  8 09:58:24 debian kernel: [    1.766924] usb usb1: SerialNumber: 0000:00:0b.0
Apr  8 09:58:24 debian kernel: [    1.767194] hub 1-0:1.0: USB hub found
Apr  8 09:58:24 debian kernel: [    1.767198] hub 1-0:1.0: 12 ports detected
Apr  8 09:58:24 debian kernel: [    1.779344] SCSI subsystem initialized
Apr  8 09:58:24 debian kernel: [    1.780336] ohci-pci: OHCI PCI platform driver
Apr  8 09:58:24 debian kernel: [    1.781302] ohci-pci 0000:00:06.0: OHCI PCI host controller
Apr  8 09:58:24 debian kernel: [    1.781307] ohci-pci 0000:00:06.0: new USB bus registered, assigned bus number 2
Apr  8 09:58:24 debian kernel: [    1.781604] ohci-pci 0000:00:06.0: irq 22, io mem 0xf0804000
Apr  8 09:58:24 debian kernel: [    1.830529] ahci 0000:00:0d.0: SSS flag set, parallel bus scan disabled
Apr  8 09:58:24 debian kernel: [    1.830923] ahci 0000:00:0d.0: AHCI 0001.0100 32 slots 1 ports 3 Gbps 0x1 impl SATA mode
Apr  8 09:58:24 debian kernel: [    1.830925] ahci 0000:00:0d.0: flags: 64bit ncq stag only ccc 
Apr  8 09:58:24 debian kernel: [    1.837616] [drm] DMA map mode: Caching DMA mappings.
Apr  8 09:58:24 debian kernel: [    1.837912] [drm] Capabilities:
Apr  8 09:58:24 debian kernel: [    1.837913] [drm]   Rect copy.
Apr  8 09:58:24 debian kernel: [    1.837913] [drm]   Cursor.
Apr  8 09:58:24 debian kernel: [    1.837914] [drm]   Cursor bypass.
Apr  8 09:58:24 debian kernel: [    1.837914] [drm]   Cursor bypass 2.
Apr  8 09:58:24 debian kernel: [    1.837915] [drm]   Alpha cursor.
Apr  8 09:58:24 debian kernel: [    1.837915] [drm]   Extended Fifo.
Apr  8 09:58:24 debian kernel: [    1.837916] [drm]   Pitchlock.
Apr  8 09:58:24 debian kernel: [    1.837916] [drm]   Irq mask.
Apr  8 09:58:24 debian kernel: [    1.837917] [drm]   GMR.
Apr  8 09:58:24 debian kernel: [    1.837923] [drm]   Traces.
Apr  8 09:58:24 debian kernel: [    1.837924] [drm]   GMR2.
Apr  8 09:58:24 debian kernel: [    1.837925] [drm]   Screen Object 2.
Apr  8 09:58:24 debian kernel: [    1.837925] [drm]   Command Buffers.
Apr  8 09:58:24 debian kernel: [    1.837926] [drm] Max GMR ids is 8192
Apr  8 09:58:24 debian kernel: [    1.837927] [drm] Max number of GMR pages is 1048576
Apr  8 09:58:24 debian kernel: [    1.837927] [drm] Max dedicated hypervisor surface memory is 507904 kiB
Apr  8 09:58:24 debian kernel: [    1.837928] [drm] Maximum display memory size is 16384 kiB
Apr  8 09:58:24 debian kernel: [    1.837928] [drm] VRAM at 0xe0000000 size is 16384 kiB
Apr  8 09:58:24 debian kernel: [    1.837929] [drm] MMIO at 0xf0000000 size is 2048 kiB
Apr  8 09:58:24 debian kernel: [    1.838827] scsi host0: ahci
Apr  8 09:58:24 debian kernel: [    1.839040] ata1: SATA max UDMA/133 abar m8192@0xf0842000 port 0xf0842100 irq 21
Apr  8 09:58:24 debian kernel: [    1.839715] [TTM] Zone  kernel: Available graphics memory: 1015256 KiB
Apr  8 09:58:24 debian kernel: [    1.839717] [TTM] Initializing pool allocator
Apr  8 09:58:24 debian kernel: [    1.839723] [TTM] Initializing DMA pool allocator
Apr  8 09:58:24 debian kernel: [    1.840049] usb usb2: New USB device found, idVendor=1d6b, idProduct=0001, bcdDevice= 5.10
Apr  8 09:58:24 debian kernel: [    1.840051] usb usb2: New USB device strings: Mfr=3, Product=2, SerialNumber=1
Apr  8 09:58:24 debian kernel: [    1.840052] usb usb2: Product: OHCI PCI host controller
Apr  8 09:58:24 debian kernel: [    1.840053] usb usb2: Manufacturer: Linux 5.10.0-21-amd64 ohci_hcd
Apr  8 09:58:24 debian kernel: [    1.840053] usb usb2: SerialNumber: 0000:00:06.0
Apr  8 09:58:24 debian kernel: [    1.840183] hub 2-0:1.0: USB hub found
Apr  8 09:58:24 debian kernel: [    1.840367] [drm] Screen Objects Display Unit initialized
Apr  8 09:58:24 debian kernel: [    1.840487] [drm] width 720
Apr  8 09:58:24 debian kernel: [    1.840540] [drm] height 400
Apr  8 09:58:24 debian kernel: [    1.840574] [drm] bpp 32
Apr  8 09:58:24 debian kernel: [    1.840789] hub 2-0:1.0: 12 ports detected
Apr  8 09:58:24 debian kernel: [    1.841596] [drm] Fifo max 0x00200000 min 0x00001000 cap 0x00000355
Apr  8 09:58:24 debian kernel: [    1.842312] [drm] Using command buffers with DMA pool.
Apr  8 09:58:24 debian kernel: [    1.842327] [drm] Atomic: yes.
Apr  8 09:58:24 debian kernel: [    1.844109] scsi host1: ata_piix
Apr  8 09:58:24 debian kernel: [    1.849275] fbcon: svgadrmfb (fb0) is primary device
Apr  8 09:58:24 debian kernel: [    1.852000] scsi host2: ata_piix
Apr  8 09:58:24 debian kernel: [    1.852053] ata2: PATA max UDMA/33 cmd 0x1f0 ctl 0x3f6 bmdma 0xd000 irq 14
Apr  8 09:58:24 debian kernel: [    1.852054] ata3: PATA max UDMA/33 cmd 0x170 ctl 0x376 bmdma 0xd008 irq 15
Apr  8 09:58:24 debian kernel: [    1.859382] Console: switching to colour frame buffer device 100x37
Apr  8 09:58:24 debian kernel: [    1.865171] [drm] Initialized vmwgfx 2.18.0 20200114 for 0000:00:02.0 on minor 0
Apr  8 09:58:24 debian kernel: [    1.949730] input: ImExPS/2 Generic Explorer Mouse as /devices/platform/i8042/serio1/input/input5
Apr  8 09:58:24 debian kernel: [    2.059396] ata3.00: ATAPI: VBOX CD-ROM, 1.0, max UDMA/133
Apr  8 09:58:24 debian kernel: [    2.160921] ata1: SATA link up 3.0 Gbps (SStatus 123 SControl 300)
Apr  8 09:58:24 debian kernel: [    2.161688] ata1.00: ATA-6: VBOX HARDDISK, 1.0, max UDMA/133
Apr  8 09:58:24 debian kernel: [    2.161690] ata1.00: 41943040 sectors, multi 128: LBA48 NCQ (depth 32)
Apr  8 09:58:24 debian kernel: [    2.162898] ata1.00: configured for UDMA/133
Apr  8 09:58:24 debian kernel: [    2.163501] scsi 0:0:0:0: Direct-Access     ATA      VBOX HARDDISK    1.0  PQ: 0 ANSI: 5
Apr  8 09:58:24 debian kernel: [    2.166469] scsi 2:0:0:0: CD-ROM            VBOX     CD-ROM           1.0  PQ: 0 ANSI: 5
Apr  8 09:58:24 debian kernel: [    2.201566] sd 0:0:0:0: [sda] 41943040 512-byte logical blocks: (21.5 GB/20.0 GiB)
Apr  8 09:58:24 debian kernel: [    2.201572] sd 0:0:0:0: [sda] Write Protect is off
Apr  8 09:58:24 debian kernel: [    2.201580] sd 0:0:0:0: [sda] Write cache: enabled, read cache: enabled, doesn't support DPO or FUA
Apr  8 09:58:24 debian kernel: [    2.235951] usb 2-1: new full-speed USB device number 2 using ohci-pci
Apr  8 09:58:24 debian kernel: [    2.326291] sr 2:0:0:0: [sr0] scsi3-mmc drive: 32x/32x xa/form2 tray
Apr  8 09:58:24 debian kernel: [    2.326293] cdrom: Uniform CD-ROM driver Revision: 3.20
Apr  8 09:58:24 debian kernel: [    2.328376]  sda: sda1 sda2 < sda5 >
Apr  8 09:58:24 debian kernel: [    2.416593] sd 0:0:0:0: [sda] Attached SCSI disk
Apr  8 09:58:24 debian kernel: [    2.498331] e1000 0000:00:03.0 eth0: (PCI:33MHz:32-bit) 08:00:27:f7:df:85
Apr  8 09:58:24 debian kernel: [    2.498338] e1000 0000:00:03.0 eth0: Intel(R) PRO/1000 Network Connection
Apr  8 09:58:24 debian kernel: [    2.573255] usb 2-1: New USB device found, idVendor=80ee, idProduct=0021, bcdDevice= 1.00
Apr  8 09:58:24 debian kernel: [    2.573257] usb 2-1: New USB device strings: Mfr=1, Product=3, SerialNumber=0
Apr  8 09:58:24 debian kernel: [    2.573259] usb 2-1: Product: USB Tablet
Apr  8 09:58:24 debian kernel: [    2.573259] usb 2-1: Manufacturer: VirtualBox
Apr  8 09:58:24 debian kernel: [    2.583755] hid: raw HID events driver (C) Jiri Kosina
Apr  8 09:58:24 debian kernel: [    2.596567] usbcore: registered new interface driver usbhid
Apr  8 09:58:24 debian kernel: [    2.596569] usbhid: USB HID core driver
Apr  8 09:58:24 debian kernel: [    2.598695] input: VirtualBox USB Tablet as /devices/pci0000:00/0000:00:06.0/usb2/2-1/2-1:1.0/0003:80EE:0021.0001/input/input6
Apr  8 09:58:24 debian kernel: [    2.598842] hid-generic 0003:80EE:0021.0001: input,hidraw0: USB HID v1.10 Mouse [VirtualBox USB Tablet] on usb-0000:00:06.0-1/input0
Apr  8 09:58:24 debian kernel: [    3.038319] e1000 0000:00:08.0 eth1: (PCI:33MHz:32-bit) 08:00:27:d5:41:b6
Apr  8 09:58:24 debian kernel: [    3.038322] e1000 0000:00:08.0 eth1: Intel(R) PRO/1000 Network Connection
Apr  8 09:58:24 debian kernel: [    3.041164] e1000 0000:00:08.0 enp0s8: renamed from eth1
Apr  8 09:58:24 debian kernel: [    3.053413] e1000 0000:00:03.0 enp0s3: renamed from eth0
Apr  8 09:58:24 debian kernel: [    3.450620] EXT4-fs (sda1): mounted filesystem with ordered data mode. Opts: (null)
Apr  8 09:58:24 debian kernel: [    3.530831] Not activating Mandatory Access Control as /sbin/tomoyo-init does not exist.
Apr  8 09:58:24 debian kernel: [    4.042786] fuse: init (API version 7.32)
Apr  8 09:58:24 debian kernel: [    4.068537] EXT4-fs (sda1): re-mounted. Opts: errors=remount-ro
Apr  8 09:58:24 debian kernel: [    4.121381] lp: driver loaded but no devices found
Apr  8 09:58:24 debian kernel: [    4.145060] ppdev: user-space parallel port driver
Apr  8 09:58:24 debian kernel: [    4.550609] audit: type=1400 audit(1680958703.615:2): apparmor="STATUS" operation="profile_load" profile="unconfined" name="libreoffice-oopslash" pid=263 comm="apparmor_parser"
Apr  8 09:58:24 debian kernel: [    4.553498] audit: type=1400 audit(1680958703.615:3): apparmor="STATUS" operation="profile_load" profile="unconfined" name="libreoffice-senddoc" pid=275 comm="apparmor_parser"
Apr  8 09:58:24 debian kernel: [    4.586067] audit: type=1400 audit(1680958703.635:4): apparmor="STATUS" operation="profile_load" profile="unconfined" name="libreoffice-xpdfimport" pid=279 comm="apparmor_parser"
Apr  8 09:58:24 debian kernel: [    4.617983] audit: type=1400 audit(1680958703.675:5): apparmor="STATUS" operation="profile_load" profile="unconfined" name="nvidia_modprobe" pid=280 comm="apparmor_parser"
Apr  8 09:58:24 debian kernel: [    4.617987] audit: type=1400 audit(1680958703.675:6): apparmor="STATUS" operation="profile_load" profile="unconfined" name="nvidia_modprobe//kmod" pid=280 comm="apparmor_parser"
Apr  8 09:58:24 debian kernel: [    4.619189] audit: type=1400 audit(1680958703.675:7): apparmor="STATUS" operation="profile_load" profile="unconfined" name="/usr/lib/cups/backend/cups-pdf" pid=277 comm="apparmor_parser"
Apr  8 09:58:24 debian kernel: [    4.619193] audit: type=1400 audit(1680958703.675:8): apparmor="STATUS" operation="profile_load" profile="unconfined" name="/usr/sbin/cupsd" pid=277 comm="apparmor_parser"
Apr  8 09:58:24 debian kernel: [    4.619195] audit: type=1400 audit(1680958703.675:9): apparmor="STATUS" operation="profile_load" profile="unconfined" name="/usr/sbin/cupsd//third_party" pid=277 comm="apparmor_parser"
Apr  8 09:58:24 debian kernel: [    4.649930] audit: type=1400 audit(1680958703.715:10): apparmor="STATUS" operation="profile_load" profile="unconfined" name="lsb_release" pid=281 comm="apparmor_parser"
Apr  8 09:58:24 debian kernel: [    4.751973] ACPI: AC Adapter [AC] (on-line)
Apr  8 09:58:24 debian kernel: [    4.863186] input: PC Speaker as /devices/platform/pcspkr/input/input7
Apr  8 09:58:24 debian kernel: [    4.866064] vboxguest: host-version: 7.0.4r154605 0x8000000f
Apr  8 09:58:24 debian kernel: [    4.867381] vbg_heartbeat_init: Setting up heartbeat to trigger every 2000 milliseconds
Apr  8 09:58:24 debian kernel: [    4.867546] input: VirtualBox mouse integration as /devices/pci0000:00/0000:00:04.0/input/input8
Apr  8 09:58:24 debian kernel: [    4.867587] sd 0:0:0:0: Attached scsi generic sg0 type 0
Apr  8 09:58:24 debian kernel: [    4.867671] sr 2:0:0:0: Attached scsi generic sg1 type 5
Apr  8 09:58:24 debian kernel: [    4.875952] vboxguest: misc device minor 61, IRQ 20, I/O port d040, MMIO at 0x00000000f0400000 (size 0x0000000000400000)
Apr  8 09:58:24 debian kernel: [    5.150239] Adding 998396k swap on /dev/sda5.  Priority:-2 extents:1 across:998396k FS
Apr  8 09:58:24 debian kernel: [    5.203318] RAPL PMU: API unit is 2^-32 Joules, 0 fixed counters, 10737418240 ms ovfl timer
Apr  8 09:58:24 debian kernel: [    5.226610] cryptd: max_cpu_qlen set to 1000
Apr  8 09:58:24 debian kernel: [    5.346382] AVX2 version of gcm_enc/dec engaged.
Apr  8 09:58:24 debian kernel: [    5.346384] AES CTR mode by8 optimization enabled
Apr  8 09:58:24 debian udisksd[377]: udisks daemon version 2.9.2 starting
Apr  8 09:58:24 debian kernel: [    5.639341] snd_intel8x0 0000:00:05.0: allow list rate for 1028:0177 is 48000
Apr  8 09:58:24 debian udisksd[377]: failed to load module mdraid: libbd_mdraid.so.2: cannot open shared object file: No such file or directory
Apr  8 09:58:24 debian udisksd[377]: Failed to load the 'mdraid' libblockdev plugin
Apr  8 09:58:25 debian udisksd[377]: Acquired the name org.freedesktop.UDisks2 on the system message bus
Apr  8 09:58:25 debian kernel: [    6.156929] kauditd_printk_skb: 8 callbacks suppressed
Apr  8 09:58:25 debian kernel: [    6.156937] audit: type=1400 audit(1680958705.219:19): apparmor="DENIED" operation="capable" profile="/usr/sbin/cupsd" pid=471 comm="cupsd" capability=12  capname="net_admin"
Apr  8 09:58:25 debian kernel: [    6.249295] audit: type=1400 audit(1680958705.311:20): apparmor="DENIED" operation="capable" profile="/usr/sbin/cups-browsed" pid=497 comm="cups-browsed" capability=23  capname="sys_nice"
Apr  8 09:58:25 debian kernel: [    6.392717] e1000: enp0s3 NIC Link is Up 1000 Mbps Full Duplex, Flow Control: RX
Apr  8 09:58:25 debian kernel: [    6.394851] IPv6: ADDRCONF(NETDEV_CHANGE): enp0s3: link becomes ready
Apr  8 09:58:25 debian kernel: [    6.423842] e1000: enp0s8 NIC Link is Up 1000 Mbps Full Duplex, Flow Control: RX
Apr  8 09:58:26 debian vboxadd-service.sh: Starting VirtualBox Guest Addition service.
Apr  8 09:58:26 debian kernel: [    7.233383] 12:58:26.299333 main     VBoxService 7.0.4 r154605 (verbosity: 0) linux.amd64 (Nov 16 2022 17:25:52) release log
Apr  8 09:58:26 debian kernel: [    7.233383] 12:58:26.29934
Apr  8 09:58:26 debian kernel: [    7.234364] 12:58:26.302019 main     OS Product: Linux
Apr  8 09:58:26 debian kernel: [    7.235721] 12:58:26.302919 main     OS Release: 5.10.0-21-amd64
Apr  8 09:58:26 debian kernel: [    7.237574] 12:58:26.304277 main     OS Version: #1 SMP Debian 5.10.162-1 (2023-01-21)
Apr  8 09:58:26 debian kernel: [    7.238014] 12:58:26.306125 main     Executable: /opt/VBoxGuestAdditions-7.0.4/sbin/VBoxService
Apr  8 09:58:26 debian kernel: [    7.238014] 12:58:26.306127 main     Process ID: 634
Apr  8 09:58:26 debian kernel: [    7.238014] 12
Apr  8 09:58:26 debian kernel: [    7.244920] 12:58:26.313297 main     7.0.4 r154605 started. Verbose level = 0
Apr  8 09:58:26 debian vboxadd-service.sh: VirtualBox Guest Addition service started.
Apr  8 09:58:26 debian kernel: [    7.250896] 12:58:26.319018 main     vbglR3GuestCtrlDetectPeekGetCancelSupport: Supported (#1)
Apr  8 09:58:26 debian kernel: [    7.253762] 12:58:26.321820 main     VBoxClient 7.0.4 r154605 (verbosity: 0) linux.amd64 (Nov 16 2022 17:25:59) release log
Apr  8 09:58:26 debian kernel: [    7.253762] 12:58:26.321823
Apr  8 09:58:26 debian kernel: [    7.254506] 12:58:26.322800 main     OS Product: Linux
Apr  8 09:58:26 debian kernel: [    7.254671] 12:58:26.323057 main     OS Release: 5.10.0-21-amd64
Apr  8 09:58:26 debian kernel: [    7.255061] 12:58:26.323218 main     OS Version: #1 SMP Debian 5.10.162-1 (2023-01-21)
Apr  8 09:58:26 debian kernel: [    7.257141] 12:58:26.323846 main     Executable: /opt/VBoxGuestAdditions-7.0.4/bin/VBoxDRMClient
Apr  8 09:58:26 debian kernel: [    7.257141] 12:58:26.323847 main     Process ID: 641
Apr  8 09:58:26 debian kernel: [    7.257141] 1
Apr  8 09:58:26 debian kernel: [    7.259218] 12:58:26.327404 main     VBoxDRMClient: found compatible device: /dev/dri/renderD128
Apr  8 09:58:26 debian kernel: [    7.261736] 12:58:26.329726 main     VBoxDRMClient: IPC server socket access granted to all users
Apr  8 09:58:26 debian kernel: [    7.265146] 12:58:26.333409 DrmResizeThread VBoxDRMClient: push screen layout data of 1 display(s) to DRM stack, fPartialLayout=false, rc=V
Apr  8 09:58:26 debian kernel: [    7.265472] 12:58:26.333696 DrmResizeThread VBoxDRMClient: Error: Failed to push display change as requested by host, rc=VERR_INVALID_PARAM
Apr  8 09:58:26 debian kernel: [    7.266179] 12:58:26.334362 DrmResizeThread VBoxDRMClient: push screen layout data of 1 display(s) to DRM stack, fPartialLayout=false, rc=V
Apr  8 09:58:26 debian lightdm[624]: Error getting user list from org.freedesktop.Accounts: GDBus.Error:org.freedesktop.DBus.Error.ServiceUnknown: The name org.freedesktop.Accounts was not provided by any .service files
Apr  8 09:58:26 debian kernel: [    7.268362] 12:58:26.334727 DrmResizeThread VBoxDRMClient: Error: Failed to push display change as requested by host, rc=VERR_INVALID_PARAM
Apr  8 09:58:26 debian kernel: [    7.407308] IPv6: ADDRCONF(NETDEV_CHANGE): enp0s8: link becomes ready
Apr  8 09:58:27 debian lightdm[680]: Error getting user list from org.freedesktop.Accounts: GDBus.Error:org.freedesktop.DBus.Error.ServiceUnknown: The name org.freedesktop.Accounts was not provided by any .service files
Apr  8 09:58:28 debian pulseaudio[700]: Disabling timer-based scheduling because running inside a VM.
Apr  8 09:58:28 debian pulseaudio[700]: Disabling timer-based scheduling because running inside a VM.
Apr  8 09:58:36 debian lightdm[748]: Error getting user list from org.freedesktop.Accounts: GDBus.Error:org.freedesktop.DBus.Error.ServiceUnknown: The name org.freedesktop.Accounts was not provided by any .service files
Apr  8 09:58:36 debian pulseaudio[769]: Disabling timer-based scheduling because running inside a VM.
Apr  8 09:58:36 debian pulseaudio[769]: Disabling timer-based scheduling because running inside a VM.
Apr  8 09:58:36 debian kernel: [   17.755836] 12:58:36.829008 main     VBoxClient 7.0.4 r154605 (verbosity: 0) linux.amd64 (Nov 16 2022 17:25:53) release log
Apr  8 09:58:36 debian kernel: [   17.755836] 12:58:36.829009
Apr  8 09:58:36 debian kernel: [   17.756030] 12:58:36.829318 main     OS Product: Linux
Apr  8 09:58:36 debian kernel: [   17.756268] 12:58:36.829495 main     OS Release: 5.10.0-21-amd64
Apr  8 09:58:36 debian kernel: [   17.756452] 12:58:36.829758 main     OS Version: #1 SMP Debian 5.10.162-1 (2023-01-21)
Apr  8 09:58:36 debian kernel: [   17.756689] 12:58:36.829911 main     Executable: /opt/VBoxGuestAdditions-7.0.4/bin/VBoxClient
Apr  8 09:58:36 debian kernel: [   17.756689] 12:58:36.829912 main     Process ID: 823
Apr  8 09:58:36 debian kernel: [   17.756689] 12:5
Apr  8 09:58:36 debian kernel: [   17.756898] 12:58:36.830151 main      VBoxClient 7.0.4 r154605 started. Verbose level = 0. Wayland environment detected: no
Apr  8 09:58:36 debian kernel: [   17.757017] 12:58:36.830358 main      Service: Shared Clipboard
Apr  8 09:58:36 debian kernel: [   17.762455] 12:58:36.835070 main      Initializing service ...
Apr  8 09:58:36 debian kernel: [   17.762699] 12:58:36.835322 main     VBoxClient 7.0.4 r154605 (verbosity: 0) linux.amd64 (Nov 16 2022 17:25:53) release log
Apr  8 09:58:36 debian kernel: [   17.762699] 12:58:36.835324
Apr  8 09:58:36 debian kernel: [   17.763988] 12:58:36.835922 main      Creating worker thread ...
Apr  8 09:58:36 debian kernel: [   17.764232] 12:58:36.836216 main     OS Product: Linux
Apr  8 09:58:36 debian kernel: [   17.764881] 12:58:36.838076 main     OS Release: 5.10.0-21-amd64
Apr  8 09:58:36 debian kernel: [   17.765325] 12:58:36.838385 main     OS Version: #1 SMP Debian 5.10.162-1 (2023-01-21)
Apr  8 09:58:36 debian kernel: [   17.765711] 12:58:36.838806 main     Executable: /opt/VBoxGuestAdditions-7.0.4/bin/VBoxClient
Apr  8 09:58:36 debian kernel: [   17.765711] 12:58:36.838810 main     Process ID: 827
Apr  8 09:58:36 debian kernel: [   17.765711] 12:5
Apr  8 09:58:36 debian kernel: [   17.766018] 12:58:36.839191 main      VBoxClient 7.0.4 r154605 started. Verbose level = 0. Wayland environment detected: no
Apr  8 09:58:36 debian kernel: [   17.766278] 12:58:36.839489 main      Service: VirtualBox host version check
Apr  8 09:58:36 debian kernel: [   17.773021] 12:58:36.846269 main      Creating worker thread ...
Apr  8 09:58:36 debian kernel: [   17.776213] 12:58:36.848052 main     VBoxClient 7.0.4 r154605 (verbosity: 0) linux.amd64 (Nov 16 2022 17:25:53) release log
Apr  8 09:58:36 debian kernel: [   17.776213] 12:58:36.848054
Apr  8 09:58:36 debian kernel: [   17.776635] 12:58:36.849863 main      Service started
Apr  8 09:58:36 debian kernel: [   17.777788] 12:58:36.850868 main     OS Product: Linux
Apr  8 09:58:36 debian kernel: [   17.777942] 12:58:36.851259 main     OS Release: 5.10.0-21-amd64
Apr  8 09:58:36 debian kernel: [   17.779152] 12:58:36.852435 main     OS Version: #1 SMP Debian 5.10.162-1 (2023-01-21)
Apr  8 09:58:36 debian kernel: [   17.804102] 12:58:36.852624 main     Executable: /opt/VBoxGuestAdditions-7.0.4/bin/VBoxClient
Apr  8 09:58:36 debian kernel: [   17.804102] 12:58:36.852625 main     Process ID: 835
Apr  8 09:58:36 debian kernel: [   17.804102] 12:5
Apr  8 09:58:36 debian kernel: [   17.805226] 12:58:36.878190 main      VBoxClient 7.0.4 r154605 started. Verbose level = 0. Wayland environment detected: no
Apr  8 09:58:36 debian kernel: [   17.805540] 12:58:36.878821 main      Service: Seamless Mode Support
Apr  8 09:58:36 debian kernel: [   17.808767] 12:58:36.882104 main      Service started
Apr  8 09:58:36 debian kernel: [   17.810655] 12:58:36.883996 main      Initializing service ...
Apr  8 09:58:36 debian kernel: [   17.813286] 12:58:36.886204 main     VBoxClient 7.0.4 r154605 (verbosity: 0) linux.amd64 (Nov 16 2022 17:25:53) release log
Apr  8 09:58:36 debian kernel: [   17.813286] 12:58:36.886207
Apr  8 09:58:36 debian kernel: [   17.813603] 12:58:36.886210 main      Creating worker thread ...
Apr  8 09:58:36 debian kernel: [   17.813805] 12:58:36.886930 main     OS Product: Linux
Apr  8 09:58:36 debian kernel: [   17.815916] 12:58:36.889065 main     OS Release: 5.10.0-21-amd64
Apr  8 09:58:36 debian kernel: [   17.816364] 12:58:36.889412 main     OS Version: #1 SMP Debian 5.10.162-1 (2023-01-21)
Apr  8 09:58:36 debian kernel: [   17.816720] 12:58:36.889858 main     Executable: /opt/VBoxGuestAdditions-7.0.4/bin/VBoxClient
Apr  8 09:58:36 debian kernel: [   17.816720] 12:58:36.889859 main     Process ID: 841
Apr  8 09:58:36 debian kernel: [   17.816720] 12:5
Apr  8 09:58:36 debian kernel: [   17.817302] 12:58:36.890217 main      VBoxClient 7.0.4 r154605 started. Verbose level = 0. Wayland environment detected: no
Apr  8 09:58:36 debian kernel: [   17.817534] 12:58:36.890805 main      Service: Drag'n'Drop
Apr  8 09:58:36 debian kernel: [   17.821231] 12:58:36.894530 main      Initializing service ...
Apr  8 09:58:36 debian kernel: [   17.821409] 12:58:36.894558 main      Service started
Apr  8 09:58:36 debian kernel: [   17.824442] 12:58:36.897772 main      Creating worker thread ...
Apr  8 09:58:36 debian kernel: [   17.825094] 12:58:36.898001 main     VBoxClient 7.0.4 r154605 (verbosity: 0) linux.amd64 (Nov 16 2022 17:25:53) release log
Apr  8 09:58:36 debian kernel: [   17.825094] 12:58:36.898003
Apr  8 09:58:36 debian kernel: [   17.825510] 12:58:36.898885 main     OS Product: Linux
Apr  8 09:58:36 debian kernel: [   17.825656] 12:58:36.898958 dnd       Proxy window=8388609, root window=1330 ...
Apr  8 09:58:36 debian kernel: [   17.825771] 12:58:36.899005 main     OS Release: 5.10.0-21-amd64
Apr  8 09:58:36 debian kernel: [   17.825871] 12:58:36.899233 main      Service started
Apr  8 09:58:36 debian kernel: [   17.826078] 12:58:36.899266 main     OS Version: #1 SMP Debian 5.10.162-1 (2023-01-21)
Apr  8 09:58:36 debian kernel: [   17.826541] 12:58:36.899760 main     Executable: /opt/VBoxGuestAdditions-7.0.4/bin/VBoxClient
Apr  8 09:58:36 debian kernel: [   17.826541] 12:58:36.899761 main     Process ID: 851
Apr  8 09:58:36 debian kernel: [   17.826541] 12:5
Apr  8 09:58:36 debian kernel: [   17.826839] 12:58:36.900102 main      VBoxClient 7.0.4 r154605 started. Verbose level = 0. Wayland environment detected: no
Apr  8 09:58:36 debian kernel: [   17.827015] 12:58:36.900334 main      Service: VMSVGA display assistant
Apr  8 09:58:36 debian kernel: [   17.829231] 12:58:36.902540 main      Initializing service ...
Apr  8 09:58:36 debian kernel: [   17.830914] 12:58:36.904102 main     VBoxClient VMSVGA: probing Desktop Environment helper 'GNOME3'
Apr  8 09:58:36 debian kernel: [   17.831351] 12:58:36.904421 main     VBoxClient VMSVGA: probing Desktop Environment helper 'GENERIC'
Apr  8 09:58:36 debian kernel: [   17.837710] 12:58:36.910755 main     VBoxClient VMSVGA: attempt to start display change monitor thread, rc=VINF_SUCCESS
Apr  8 09:58:36 debian kernel: [   17.838138] 12:58:36.911436 main     VBoxClient VMSVGA: using Desktop Environment specific display helper 'GENERIC'
Apr  8 09:58:36 debian kernel: [   17.838404] 12:58:36.911683 main     VBoxClient VMSVGA: Creating worker thread ...
Apr  8 09:58:36 debian kernel: [   17.838782] 12:58:36.912054 main     VBoxClient VMSVGA: Service started
Apr  8 09:58:36 debian kernel: [   17.839147] 12:58:36.912342 IpcCLT-859 VBoxDRMClient: IPC client connection started
Apr  8 09:58:38 debian kernel: [   19.866566] 12:58:38.940451 main     VBoxClient 7.0.4 r154605 (verbosity: 0) linux.amd64 (Nov 16 2022 17:25:53) release log
Apr  8 09:58:38 debian kernel: [   19.866566] 12:58:38.940454
Apr  8 09:58:38 debian kernel: [   19.867324] 12:58:38.941617 main     OS Product: Linux
Apr  8 09:58:38 debian kernel: [   19.867951] 12:58:38.942125 main     OS Release: 5.10.0-21-amd64
Apr  8 09:58:38 debian kernel: [   19.868691] 12:58:38.942903 main     OS Version: #1 SMP Debian 5.10.162-1 (2023-01-21)
Apr  8 09:58:38 debian kernel: [   19.869840] 12:58:38.943728 main     Executable: /opt/VBoxGuestAdditions-7.0.4/bin/VBoxClient
Apr  8 09:58:38 debian kernel: [   19.869840] 12:58:38.943729 main     Process ID: 993
Apr  8 09:58:38 debian kernel: [   19.869840] 12:5
Apr  8 09:58:38 debian kernel: [   19.886106] 12:58:38.959930 main      VBoxClient 7.0.4 r154605 started. Verbose level = 0. Wayland environment detected: no
Apr  8 09:58:38 debian kernel: [   19.905288] 12:58:38.979585 main      Service: Shared Clipboard
Apr  8 09:58:39 debian kernel: [   19.971213] 12:58:39.045457 main     VBoxClient 7.0.4 r154605 (verbosity: 0) linux.amd64 (Nov 16 2022 17:25:53) release log
Apr  8 09:58:39 debian kernel: [   19.971213] 12:58:39.045460
Apr  8 09:58:39 debian kernel: [   19.971504] 12:58:39.045879 main     OS Product: Linux
Apr  8 09:58:39 debian kernel: [   19.971708] 12:58:39.046075 main     OS Release: 5.10.0-21-amd64
Apr  8 09:58:39 debian kernel: [   19.972307] 12:58:39.046665 main     OS Version: #1 SMP Debian 5.10.162-1 (2023-01-21)
Apr  8 09:58:39 debian kernel: [   19.973465] 12:58:39.047726 main     Executable: /opt/VBoxGuestAdditions-7.0.4/bin/VBoxClient
Apr  8 09:58:39 debian kernel: [   19.973465] 12:58:39.047727 main     Process ID: 1005
Apr  8 09:58:39 debian kernel: [   19.973465] 12:
Apr  8 09:58:39 debian kernel: [   19.974264] 12:58:39.048576 main      VBoxClient 7.0.4 r154605 started. Verbose level = 0. Wayland environment detected: no
Apr  8 09:58:39 debian kernel: [   19.974996] 12:58:39.049181 main      Service: VirtualBox host version check
Apr  8 09:58:39 debian kernel: [   20.033982] 12:58:39.108196 main     VBoxClient 7.0.4 r154605 (verbosity: 0) linux.amd64 (Nov 16 2022 17:25:53) release log
Apr  8 09:58:39 debian kernel: [   20.033982] 12:58:39.108199
Apr  8 09:58:39 debian kernel: [   20.034522] 12:58:39.108902 main     OS Product: Linux
Apr  8 09:58:39 debian kernel: [   20.035052] 12:58:39.109393 main     OS Release: 5.10.0-21-amd64
Apr  8 09:58:39 debian kernel: [   20.035217] 12:58:39.109655 main     OS Version: #1 SMP Debian 5.10.162-1 (2023-01-21)
Apr  8 09:58:39 debian kernel: [   20.035545] 12:58:39.109818 main     Executable: /opt/VBoxGuestAdditions-7.0.4/bin/VBoxClient
Apr  8 09:58:39 debian kernel: [   20.035545] 12:58:39.109819 main     Process ID: 1014
Apr  8 09:58:39 debian kernel: [   20.035545] 12:
Apr  8 09:58:39 debian kernel: [   20.036291] 12:58:39.110614 main      VBoxClient 7.0.4 r154605 started. Verbose level = 0. Wayland environment detected: no
Apr  8 09:58:39 debian kernel: [   20.038086] 12:58:39.112526 main      Creating worker thread ...
Apr  8 09:58:39 debian kernel: [   20.038229] 12:58:39.111576 main      Service: Seamless Mode Support
Apr  8 09:58:39 debian kernel: [   20.085162] 12:58:39.159414 main      Service started
Apr  8 09:58:39 debian colord[1004]: failed to get edid data: EDID length is too small
Apr  8 09:58:39 debian kernel: [   20.137754] 12:58:39.212085 main     VBoxClient 7.0.4 r154605 (verbosity: 0) linux.amd64 (Nov 16 2022 17:25:53) release log
Apr  8 09:58:39 debian kernel: [   20.137754] 12:58:39.212088
Apr  8 09:58:39 debian kernel: [   20.137920] 12:58:39.212458 main     OS Product: Linux
Apr  8 09:58:39 debian kernel: [   20.138044] 12:58:39.212574 main     OS Release: 5.10.0-21-amd64
Apr  8 09:58:39 debian kernel: [   20.138201] 12:58:39.212697 main     OS Version: #1 SMP Debian 5.10.162-1 (2023-01-21)
Apr  8 09:58:39 debian kernel: [   20.138449] 12:58:39.212859 main     Executable: /opt/VBoxGuestAdditions-7.0.4/bin/VBoxClient
Apr  8 09:58:39 debian kernel: [   20.138449] 12:58:39.212860 main     Process ID: 1022
Apr  8 09:58:39 debian kernel: [   20.138449] 12:
Apr  8 09:58:39 debian kernel: [   20.138661] 12:58:39.213103 main      VBoxClient 7.0.4 r154605 started. Verbose level = 0. Wayland environment detected: no
Apr  8 09:58:39 debian kernel: [   20.138773] 12:58:39.213313 main      Service: Drag'n'Drop
Apr  8 09:58:39 debian kernel: [   20.221960] 12:58:39.296234 main     VBoxClient 7.0.4 r154605 (verbosity: 0) linux.amd64 (Nov 16 2022 17:25:53) release log
Apr  8 09:58:39 debian kernel: [   20.221960] 12:58:39.296247
Apr  8 09:58:39 debian kernel: [   20.222523] 12:58:39.296934 main     OS Product: Linux
Apr  8 09:58:39 debian kernel: [   20.224992] 12:58:39.299326 main     OS Release: 5.10.0-21-amd64
Apr  8 09:58:39 debian kernel: [   20.225546] 12:58:39.299724 main     OS Version: #1 SMP Debian 5.10.162-1 (2023-01-21)
Apr  8 09:58:39 debian kernel: [   20.226127] 12:58:39.300245 main     Executable: /opt/VBoxGuestAdditions-7.0.4/bin/VBoxClient
Apr  8 09:58:39 debian kernel: [   20.226127] 12:58:39.300246 main     Process ID: 1036
Apr  8 09:58:39 debian kernel: [   20.226127] 12:
Apr  8 09:58:39 debian kernel: [   20.226495] 12:58:39.300829 main      VBoxClient 7.0.4 r154605 started. Verbose level = 0. Wayland environment detected: no
Apr  8 09:58:39 debian kernel: [   20.226773] 12:58:39.301197 main      Service: VMSVGA display assistant
Apr  8 09:58:39 debian kernel: [   20.260901] 12:58:39.335406 main      Initializing service ...
Apr  8 09:58:39 debian kernel: [   20.261616] 12:58:39.335721 main     VBoxClient VMSVGA: Error: Service ended with error VERR_FILE_LOCK_VIOLATION
Apr  8 09:58:40 debian org.freedesktop.thumbnails.Thumbnailer1[947]: Registered thumbnailer /usr/bin/gdk-pixbuf-thumbnailer -s %s %u %o
Apr  8 09:58:40 debian org.freedesktop.thumbnails.Thumbnailer1[947]: Registered thumbnailer /usr/bin/gdk-pixbuf-thumbnailer -s %s %u %o
Apr  8 09:58:40 debian org.freedesktop.thumbnails.Thumbnailer1[947]: Registered thumbnailer atril-thumbnailer -s %s %u %o
Apr  8 09:58:46 debian pipewire-media-session[708]: error id:0 seq:158 res:-32 (Broken pipe): connection error
Apr  8 10:01:38 debian kernel: [  198.978815] usb 2-1: USB disconnect, device number 2
Apr  8 10:06:27 debian udisksd[366]: udisks daemon version 2.9.2 starting
Apr  8 10:06:27 debian rsyslogd: imuxsock: Acquired UNIX socket '/run/systemd/journal/syslog' (fd 3) from systemd.  [v8.2102.0]
Apr  8 10:06:27 debian rsyslogd: [origin software="rsyslogd" swVersion="8.2102.0" x-pid="364" x-info="https://www.rsyslog.com"] start
Apr  8 10:06:27 debian kernel: [    0.000000] Linux version 5.10.0-21-amd64 (debian-kernel@lists.debian.org) (gcc-10 (Debian 10.2.1-6) 10.2.1 20210110, GNU ld (GNU Binutils for Debian) 2.35.2) #1 SMP Debian 5.10.162-1 (2023-01-21)
Apr  8 10:06:27 debian kernel: [    0.000000] Command line: BOOT_IMAGE=/boot/vmlinuz-5.10.0-21-amd64 root=UUID=e7221505-6359-4f94-8394-28790b2bd726 ro quiet splash
Apr  8 10:06:27 debian kernel: [    0.000000] x86/fpu: Supporting XSAVE feature 0x001: 'x87 floating point registers'
Apr  8 10:06:27 debian kernel: [    0.000000] x86/fpu: Supporting XSAVE feature 0x002: 'SSE registers'
Apr  8 10:06:27 debian kernel: [    0.000000] x86/fpu: Supporting XSAVE feature 0x004: 'AVX registers'
Apr  8 10:06:27 debian kernel: [    0.000000] x86/fpu: xstate_offset[2]:  576, xstate_sizes[2]:  256
Apr  8 10:06:27 debian kernel: [    0.000000] x86/fpu: Enabled xstate features 0x7, context size is 832 bytes, using 'standard' format.
Apr  8 10:06:27 debian kernel: [    0.000000] BIOS-provided physical RAM map:
Apr  8 10:06:27 debian kernel: [    0.000000] BIOS-e820: [mem 0x0000000000000000-0x000000000009fbff] usable
Apr  8 10:06:27 debian kernel: [    0.000000] BIOS-e820: [mem 0x000000000009fc00-0x000000000009ffff] reserved
Apr  8 10:06:27 debian kernel: [    0.000000] BIOS-e820: [mem 0x00000000000f0000-0x00000000000fffff] reserved
Apr  8 10:06:27 debian kernel: [    0.000000] BIOS-e820: [mem 0x0000000000100000-0x000000007ffeffff] usable
Apr  8 10:06:27 debian kernel: [    0.000000] BIOS-e820: [mem 0x000000007fff0000-0x000000007fffffff] ACPI data
Apr  8 10:06:27 debian kernel: [    0.000000] BIOS-e820: [mem 0x00000000fec00000-0x00000000fec00fff] reserved
Apr  8 10:06:27 debian kernel: [    0.000000] BIOS-e820: [mem 0x00000000fee00000-0x00000000fee00fff] reserved
Apr  8 10:06:27 debian kernel: [    0.000000] BIOS-e820: [mem 0x00000000fffc0000-0x00000000ffffffff] reserved
Apr  8 10:06:27 debian kernel: [    0.000000] NX (Execute Disable) protection: active
Apr  8 10:06:27 debian kernel: [    0.000000] SMBIOS 2.5 present.
Apr  8 10:06:27 debian kernel: [    0.000000] DMI: innotek GmbH VirtualBox/VirtualBox, BIOS VirtualBox 12/01/2006
Apr  8 10:06:27 debian kernel: [    0.000000] Hypervisor detected: KVM
Apr  8 10:06:27 debian kernel: [    0.000000] kvm-clock: Using msrs 4b564d01 and 4b564d00
Apr  8 10:06:27 debian kernel: [    0.000000] kvm-clock: cpu 0, msr 5d201001, primary cpu clock
Apr  8 10:06:27 debian kernel: [    0.000000] kvm-clock: using sched offset of 7041604797 cycles
Apr  8 10:06:27 debian kernel: [    0.000002] clocksource: kvm-clock: mask: 0xffffffffffffffff max_cycles: 0x1cd42e4dffb, max_idle_ns: 881590591483 ns
Apr  8 10:06:27 debian kernel: [    0.000004] tsc: Detected 2818.698 MHz processor
Apr  8 10:06:27 debian kernel: [    0.001520] last_pfn = 0x7fff0 max_arch_pfn = 0x400000000
Apr  8 10:06:27 debian kernel: [    0.001582] Disabled
Apr  8 10:06:27 debian kernel: [    0.001583] x86/PAT: MTRRs disabled, skipping PAT initialization too.
Apr  8 10:06:27 debian kernel: [    0.001596] CPU MTRRs all blank - virtualized system.
Apr  8 10:06:27 debian kernel: [    0.001609] x86/PAT: Configuration [0-7]: WB  WT  UC- UC  WB  WT  UC- UC  
Apr  8 10:06:27 debian kernel: [    0.001676] found SMP MP-table at [mem 0x0009fff0-0x0009ffff]
Apr  8 10:06:27 debian kernel: [    0.022087] RAMDISK: [mem 0x32e1b000-0x35704fff]
Apr  8 10:06:27 debian kernel: [    0.022090] ACPI: Early table checksum verification disabled
Apr  8 10:06:27 debian kernel: [    0.022107] ACPI: RSDP 0x00000000000E0000 000024 (v02 VBOX  )
Apr  8 10:06:27 debian kernel: [    0.022111] ACPI: XSDT 0x000000007FFF0030 00003C (v01 VBOX   VBOXXSDT 00000001 ASL  00000061)
Apr  8 10:06:27 debian kernel: [    0.022116] ACPI: FACP 0x000000007FFF00F0 0000F4 (v04 VBOX   VBOXFACP 00000001 ASL  00000061)
Apr  8 10:06:27 debian kernel: [    0.022120] ACPI: DSDT 0x000000007FFF0610 002353 (v02 VBOX   VBOXBIOS 00000002 INTL 20200528)
Apr  8 10:06:27 debian kernel: [    0.022124] ACPI: FACS 0x000000007FFF0200 000040
Apr  8 10:06:27 debian kernel: [    0.022126] ACPI: FACS 0x000000007FFF0200 000040
Apr  8 10:06:27 debian kernel: [    0.022129] ACPI: APIC 0x000000007FFF0240 00005C (v02 VBOX   VBOXAPIC 00000001 ASL  00000061)
Apr  8 10:06:27 debian kernel: [    0.022132] ACPI: SSDT 0x000000007FFF02A0 00036C (v01 VBOX   VBOXCPUT 00000002 INTL 20200528)
Apr  8 10:06:27 debian kernel: [    0.022134] ACPI: Reserving FACP table memory at [mem 0x7fff00f0-0x7fff01e3]
Apr  8 10:06:27 debian kernel: [    0.022135] ACPI: Reserving DSDT table memory at [mem 0x7fff0610-0x7fff2962]
Apr  8 10:06:27 debian kernel: [    0.022136] ACPI: Reserving FACS table memory at [mem 0x7fff0200-0x7fff023f]
Apr  8 10:06:27 debian kernel: [    0.022136] ACPI: Reserving FACS table memory at [mem 0x7fff0200-0x7fff023f]
Apr  8 10:06:27 debian kernel: [    0.022137] ACPI: Reserving APIC table memory at [mem 0x7fff0240-0x7fff029b]
Apr  8 10:06:27 debian kernel: [    0.022137] ACPI: Reserving SSDT table memory at [mem 0x7fff02a0-0x7fff060b]
Apr  8 10:06:27 debian kernel: [    0.023182] No NUMA configuration found
Apr  8 10:06:27 debian kernel: [    0.023183] Faking a node at [mem 0x0000000000000000-0x000000007ffeffff]
Apr  8 10:06:27 debian kernel: [    0.023190] NODE_DATA(0) allocated [mem 0x7ffc6000-0x7ffeffff]
Apr  8 10:06:27 debian kernel: [    0.023404] Zone ranges:
Apr  8 10:06:27 debian kernel: [    0.023405]   DMA      [mem 0x0000000000001000-0x0000000000ffffff]
Apr  8 10:06:27 debian kernel: [    0.023406]   DMA32    [mem 0x0000000001000000-0x000000007ffeffff]
Apr  8 10:06:27 debian kernel: [    0.023407]   Normal   empty
Apr  8 10:06:27 debian kernel: [    0.023408]   Device   empty
Apr  8 10:06:27 debian kernel: [    0.023409] Movable zone start for each node
Apr  8 10:06:27 debian kernel: [    0.023411] Early memory node ranges
Apr  8 10:06:27 debian kernel: [    0.023411]   node   0: [mem 0x0000000000001000-0x000000000009efff]
Apr  8 10:06:27 debian kernel: [    0.023412]   node   0: [mem 0x0000000000100000-0x000000007ffeffff]
Apr  8 10:06:27 debian kernel: [    0.023413] Initmem setup node 0 [mem 0x0000000000001000-0x000000007ffeffff]
Apr  8 10:06:27 debian kernel: [    0.023419] On node 0, zone DMA: 1 pages in unavailable ranges
Apr  8 10:06:27 debian kernel: [    0.023441] On node 0, zone DMA: 97 pages in unavailable ranges
Apr  8 10:06:27 debian kernel: [    0.023793] On node 0, zone DMA32: 16 pages in unavailable ranges
Apr  8 10:06:27 debian kernel: [    0.025383] ACPI: PM-Timer IO Port: 0x4008
Apr  8 10:06:27 debian kernel: [    0.025553] IOAPIC[0]: apic_id 2, version 32, address 0xfec00000, GSI 0-23
Apr  8 10:06:27 debian kernel: [    0.025557] ACPI: INT_SRC_OVR (bus 0 bus_irq 0 global_irq 2 dfl dfl)
Apr  8 10:06:27 debian kernel: [    0.025558] ACPI: INT_SRC_OVR (bus 0 bus_irq 9 global_irq 9 low level)
Apr  8 10:06:27 debian kernel: [    0.025563] Using ACPI (MADT) for SMP configuration information
Apr  8 10:06:27 debian kernel: [    0.025580] smpboot: Allowing 2 CPUs, 0 hotplug CPUs
Apr  8 10:06:27 debian kernel: [    0.025658] PM: hibernation: Registered nosave memory: [mem 0x00000000-0x00000fff]
Apr  8 10:06:27 debian kernel: [    0.025659] PM: hibernation: Registered nosave memory: [mem 0x0009f000-0x0009ffff]
Apr  8 10:06:27 debian kernel: [    0.025660] PM: hibernation: Registered nosave memory: [mem 0x000a0000-0x000effff]
Apr  8 10:06:27 debian kernel: [    0.025660] PM: hibernation: Registered nosave memory: [mem 0x000f0000-0x000fffff]
Apr  8 10:06:27 debian kernel: [    0.025662] [mem 0x80000000-0xfebfffff] available for PCI devices
Apr  8 10:06:27 debian kernel: [    0.025662] Booting paravirtualized kernel on KVM
Apr  8 10:06:27 debian kernel: [    0.025664] clocksource: refined-jiffies: mask: 0xffffffff max_cycles: 0xffffffff, max_idle_ns: 7645519600211568 ns
Apr  8 10:06:27 debian kernel: [    0.028622] setup_percpu: NR_CPUS:8192 nr_cpumask_bits:2 nr_cpu_ids:2 nr_node_ids:1
Apr  8 10:06:27 debian kernel: [    0.028723] percpu: Embedded 63 pages/cpu s221184 r8192 d28672 u1048576
Apr  8 10:06:27 debian kernel: [    0.028803] kvm-guest: PV spinlocks enabled
Apr  8 10:06:27 debian kernel: [    0.028807] PV qspinlock hash table entries: 256 (order: 0, 4096 bytes, linear)
Apr  8 10:06:27 debian kernel: [    0.028829] Built 1 zonelists, mobility grouping on.  Total pages: 515961
Apr  8 10:06:27 debian kernel: [    0.028830] Policy zone: DMA32
Apr  8 10:06:27 debian kernel: [    0.028831] Kernel command line: BOOT_IMAGE=/boot/vmlinuz-5.10.0-21-amd64 root=UUID=e7221505-6359-4f94-8394-28790b2bd726 ro quiet splash
Apr  8 10:06:27 debian kernel: [    0.030636] Dentry cache hash table entries: 262144 (order: 9, 2097152 bytes, linear)
Apr  8 10:06:27 debian kernel: [    0.030708] Inode-cache hash table entries: 131072 (order: 8, 1048576 bytes, linear)
Apr  8 10:06:27 debian kernel: [    0.030798] mem auto-init: stack:off, heap alloc:on, heap free:off
Apr  8 10:06:27 debian kernel: [    0.032403] Memory: 261408K/2096696K available (12295K kernel code, 2537K rwdata, 7560K rodata, 2660K init, 5468K bss, 115480K reserved, 0K cma-reserved)
Apr  8 10:06:27 debian kernel: [    0.032949] SLUB: HWalign=64, Order=0-3, MinObjects=0, CPUs=2, Nodes=1
Apr  8 10:06:27 debian kernel: [    0.032976] Kernel/User page tables isolation: enabled
Apr  8 10:06:27 debian kernel: [    0.032984] ftrace: allocating 36545 entries in 143 pages
Apr  8 10:06:27 debian kernel: [    0.046799] ftrace: allocated 143 pages with 5 groups
Apr  8 10:06:27 debian kernel: [    0.046923] rcu: Hierarchical RCU implementation.
Apr  8 10:06:27 debian kernel: [    0.046924] rcu: 	RCU restricting CPUs from NR_CPUS=8192 to nr_cpu_ids=2.
Apr  8 10:06:27 debian kernel: [    0.046924] 	Rude variant of Tasks RCU enabled.
Apr  8 10:06:27 debian kernel: [    0.046925] 	Tracing variant of Tasks RCU enabled.
Apr  8 10:06:27 debian kernel: [    0.046926] rcu: RCU calculated value of scheduler-enlistment delay is 25 jiffies.
Apr  8 10:06:27 debian kernel: [    0.046927] rcu: Adjusting geometry for rcu_fanout_leaf=16, nr_cpu_ids=2
Apr  8 10:06:27 debian kernel: [    0.050394] NR_IRQS: 524544, nr_irqs: 440, preallocated irqs: 16
Apr  8 10:06:27 debian kernel: [    0.051385] random: crng init done
Apr  8 10:06:27 debian kernel: [    0.082315] Console: colour VGA+ 80x25
Apr  8 10:06:27 debian kernel: [    0.082328] printk: console [tty0] enabled
Apr  8 10:06:27 debian kernel: [    0.082350] ACPI: Core revision 20200925
Apr  8 10:06:27 debian kernel: [    0.082573] APIC: Switch to symmetric I/O mode setup
Apr  8 10:06:27 debian kernel: [    0.084121] x2apic enabled
Apr  8 10:06:27 debian kernel: [    0.086203] Switched APIC routing to physical x2apic.
Apr  8 10:06:27 debian kernel: [    0.094877] ..TIMER: vector=0x30 apic1=0 pin1=2 apic2=-1 pin2=-1
Apr  8 10:06:27 debian kernel: [    0.095020] clocksource: tsc-early: mask: 0xffffffffffffffff max_cycles: 0x28a1405d044, max_idle_ns: 440795299579 ns
Apr  8 10:06:27 debian kernel: [    0.095023] Calibrating delay loop (skipped) preset value.. 5637.39 BogoMIPS (lpj=11274792)
Apr  8 10:06:27 debian kernel: [    0.095026] pid_max: default: 32768 minimum: 301
Apr  8 10:06:27 debian kernel: [    0.095051] LSM: Security Framework initializing
Apr  8 10:06:27 debian kernel: [    0.095058] Yama: disabled by default; enable with sysctl kernel.yama.*
Apr  8 10:06:27 debian kernel: [    0.095079] AppArmor: AppArmor initialized
Apr  8 10:06:27 debian kernel: [    0.095080] TOMOYO Linux initialized
Apr  8 10:06:27 debian kernel: [    0.095091] Mount-cache hash table entries: 4096 (order: 3, 32768 bytes, linear)
Apr  8 10:06:27 debian kernel: [    0.095094] Mountpoint-cache hash table entries: 4096 (order: 3, 32768 bytes, linear)
Apr  8 10:06:27 debian kernel: [    0.096248] Last level iTLB entries: 4KB 64, 2MB 8, 4MB 8
Apr  8 10:06:27 debian kernel: [    0.096249] Last level dTLB entries: 4KB 64, 2MB 0, 4MB 0, 1GB 4
Apr  8 10:06:27 debian kernel: [    0.096263] Spectre V1 : Mitigation: usercopy/swapgs barriers and __user pointer sanitization
Apr  8 10:06:27 debian kernel: [    0.096264] Spectre V2 : Mitigation: Retpolines
Apr  8 10:06:27 debian kernel: [    0.096265] Spectre V2 : Spectre v2 / SpectreRSB mitigation: Filling RSB on context switch
Apr  8 10:06:27 debian kernel: [    0.096265] Spectre V2 : Spectre v2 / SpectreRSB : Filling RSB on VMEXIT
Apr  8 10:06:27 debian kernel: [    0.099028] RETBleed: Vulnerable
